<html>
<body>
<pre>
<h1>µVision Build Log</h1>
<h2>Tool Versions:</h2>
IDE-Version: ¦ÌVision V5.29.0.0
Copyright (C) 2019 ARM Ltd and ARM Germany GmbH. All rights reserved.
License Information: jiang jiang, jiang, LIC=R4HV2-9J00S-LVA1I-TT08E-MG396-K07Q5
 
Tool Versions:
Toolchain:       MDK-ARM Professional  Version: 5.33.0.0
Toolchain Path:  e:\Keil_v5\ARM\ARMCC\Bin
C Compiler:      Armcc.exe V5.06 update 7 (build 960)
Assembler:       Armasm.exe V5.06 update 7 (build 960)
Linker/Locator:  ArmLink.exe V5.06 update 7 (build 960)
Library Manager: ArmAr.exe V5.06 update 7 (build 960)
Hex Converter:   FromElf.exe V5.06 update 7 (build 960)
CPU DLL:         SARMCM3.DLL V5.33.0.0
Dialog DLL:      DCM.DLL V1.17.3.0
Target DLL:      Segger\JL2CM3.dll V2.99.38.0
Dialog DLL:      TCM.DLL V1.48.0.0
 
<h2>Project:</h2>
e:\Users\jiang\Desktop\16\Project\stm32f407.uvprojx
Project File Date:  04/28/2021

<h2>Output:</h2>
*** Using Compiler 'V5.06 update 7 (build 960)', folder: 'e:\Keil_v5\ARM\ARMCC\Bin'
Rebuild target 'Target 1'
compiling stm32f4xx_sdio.c...
compiling stm32f4xx_dma.c...
compiling stm32f4xx_rcc.c...
compiling stm32f4xx_syscfg.c...
compiling stm32f4xx_gpio.c...
compiling misc.c...
compiling stm32f4xx_exti.c...
assembling startup_stm32f40xx.s...
compiling SEGGER_RTT.c...
compiling stm32f4xx_usart.c...
compiling stm32f4xx_adc.c...
compiling stm32f4xx_wwdg.c...
compiling stm32f4xx_tim.c...
compiling system_stm32f4xx.c...
compiling stm32f4x7_eth.c...
compiling trcStreamingPort.c...
compiling trcKernelPort.c...
compiling croutine.c...
compiling event_groups.c...
compiling list.c...
compiling trcStreamingRecorder.c...
compiling heap_4.c...
compiling port.c...
compiling queue.c...
compiling stream_buffer.c...
compiling timers.c...
compiling tasks.c...
compiling err.c...
compiling api_lib.c...
compiling api_msg.c...
compiling netdb.c...
compiling netifapi.c...
compiling netbuf.c...
compiling if_api.c...
compiling altcp.c...
compiling altcp_alloc.c...
compiling tcpip.c...
compiling dns.c...
compiling def.c...
compiling altcp_tcp.c...
compiling inet_chksum.c...
compiling sockets.c...
compiling ip.c...
compiling init.c...
compiling raw.c...
compiling pbuf.c...
compiling mem.c...
compiling netif.c...
compiling memp.c...
compiling stats.c...
compiling sys.c...
compiling autoip.c...
compiling tcp.c...
compiling udp.c...
compiling tcp_in.c...
compiling tcp_out.c...
compiling timeouts.c...
compiling dhcp.c...
compiling igmp.c...
compiling icmp.c...
compiling etharp.c...
compiling ip4_addr.c...
compiling ip4.c...
compiling ip4_frag.c...
compiling ethernet.c...
compiling core_delay.c...
compiling bsp_led.c...
compiling stm32f4xx_it.c...
compiling mqtt.c...
compiling mqttclient.c...
compiling main.c...
compiling client.c...
compiling bsp_usart_dma.c...
compiling MQTTConnectClient.c...
compiling MQTTConnectServer.c...
compiling MQTTDeserializePublish.c...
compiling MQTTFormat.c...
compiling MQTTPacket.c...
compiling MQTTSerializePublish.c...
compiling ethernetif.c...
compiling MQTTSubscribeClient.c...
compiling MQTTSubscribeServer.c...
compiling LAN8742A.c...
compiling cJSON_Process.c...
compiling sys_arch.c...
compiling MQTTUnsubscribeServer.c...
compiling MQTTUnsubscribeClient.c...
compiling cJSON.c...
compiling transport.c...
linking...
Program Size: Code=60584 RO-data=1104 RW-data=572 ZI-data=118700  
"..\Output\stm32f407.axf" - 0 Error(s), 0 Warning(s).

<h2>Software Packages used:</h2>

Package Vendor: Keil
                http://www.keil.com/pack/Keil.STM32F4xx_DFP.2.5.0.pack
                Keil.STM32F4xx_DFP.2.5.0
                STMicroelectronics STM32F4 Series Device Support, Drivers and Examples

<h2>Collection of Component include folders:</h2>
  .\RTE\_Target_1
  e:\Users\jiang\AppData\Local\Arm\Packs\Keil\STM32F4xx_DFP\2.5.0\Drivers\CMSIS\Device\ST\STM32F4xx\Include

<h2>Collection of Component Files used:</h2>
Build Time Elapsed:  00:00:34
</pre>
</body>
</html>
