Component: ARM Compiler 5.06 update 7 (build 960) Tool: armlink [4d3601]

==============================================================================

Section Cross References

    stm32f4xx_gpio.o(i.GPIO_DeInit) refers to stm32f4xx_rcc.o(i.RCC_AHB1PeriphResetCmd) for RCC_AHB1PeriphResetCmd
    stm32f4xx_rcc.o(i.RCC_GetClocksFreq) refers to stm32f4xx_rcc.o(.data) for APBAHBPrescTable
    stm32f4xx_rcc.o(i.RCC_WaitForHSEStartUp) refers to stm32f4xx_rcc.o(i.RCC_GetFlagStatus) for RCC_GetFlagStatus
    stm32f4xx_sdio.o(i.SDIO_DeInit) refers to stm32f4xx_rcc.o(i.RCC_APB2PeriphResetCmd) for RCC_APB2PeriphResetCmd
    stm32f4xx_syscfg.o(i.SYSCFG_DeInit) refers to stm32f4xx_rcc.o(i.RCC_APB2PeriphResetCmd) for RCC_APB2PeriphResetCmd
    stm32f4xx_tim.o(i.TIM_DeInit) refers to stm32f4xx_rcc.o(i.RCC_APB2PeriphResetCmd) for RCC_APB2PeriphResetCmd
    stm32f4xx_tim.o(i.TIM_DeInit) refers to stm32f4xx_rcc.o(i.RCC_APB1PeriphResetCmd) for RCC_APB1PeriphResetCmd
    stm32f4xx_tim.o(i.TIM_ETRClockMode1Config) refers to stm32f4xx_tim.o(i.TIM_ETRConfig) for TIM_ETRConfig
    stm32f4xx_tim.o(i.TIM_ETRClockMode2Config) refers to stm32f4xx_tim.o(i.TIM_ETRConfig) for TIM_ETRConfig
    stm32f4xx_tim.o(i.TIM_ICInit) refers to stm32f4xx_tim.o(i.TI1_Config) for TI1_Config
    stm32f4xx_tim.o(i.TIM_ICInit) refers to stm32f4xx_tim.o(i.TIM_SetIC1Prescaler) for TIM_SetIC1Prescaler
    stm32f4xx_tim.o(i.TIM_ICInit) refers to stm32f4xx_tim.o(i.TI2_Config) for TI2_Config
    stm32f4xx_tim.o(i.TIM_ICInit) refers to stm32f4xx_tim.o(i.TIM_SetIC2Prescaler) for TIM_SetIC2Prescaler
    stm32f4xx_tim.o(i.TIM_ICInit) refers to stm32f4xx_tim.o(i.TI3_Config) for TI3_Config
    stm32f4xx_tim.o(i.TIM_ICInit) refers to stm32f4xx_tim.o(i.TIM_SetIC3Prescaler) for TIM_SetIC3Prescaler
    stm32f4xx_tim.o(i.TIM_ICInit) refers to stm32f4xx_tim.o(i.TI4_Config) for TI4_Config
    stm32f4xx_tim.o(i.TIM_ICInit) refers to stm32f4xx_tim.o(i.TIM_SetIC4Prescaler) for TIM_SetIC4Prescaler
    stm32f4xx_tim.o(i.TIM_ITRxExternalClockConfig) refers to stm32f4xx_tim.o(i.TIM_SelectInputTrigger) for TIM_SelectInputTrigger
    stm32f4xx_tim.o(i.TIM_PWMIConfig) refers to stm32f4xx_tim.o(i.TI1_Config) for TI1_Config
    stm32f4xx_tim.o(i.TIM_PWMIConfig) refers to stm32f4xx_tim.o(i.TIM_SetIC1Prescaler) for TIM_SetIC1Prescaler
    stm32f4xx_tim.o(i.TIM_PWMIConfig) refers to stm32f4xx_tim.o(i.TI2_Config) for TI2_Config
    stm32f4xx_tim.o(i.TIM_PWMIConfig) refers to stm32f4xx_tim.o(i.TIM_SetIC2Prescaler) for TIM_SetIC2Prescaler
    stm32f4xx_tim.o(i.TIM_TIxExternalClockConfig) refers to stm32f4xx_tim.o(i.TI2_Config) for TI2_Config
    stm32f4xx_tim.o(i.TIM_TIxExternalClockConfig) refers to stm32f4xx_tim.o(i.TI1_Config) for TI1_Config
    stm32f4xx_tim.o(i.TIM_TIxExternalClockConfig) refers to stm32f4xx_tim.o(i.TIM_SelectInputTrigger) for TIM_SelectInputTrigger
    stm32f4xx_usart.o(i.USART_DeInit) refers to stm32f4xx_rcc.o(i.RCC_APB2PeriphResetCmd) for RCC_APB2PeriphResetCmd
    stm32f4xx_usart.o(i.USART_DeInit) refers to stm32f4xx_rcc.o(i.RCC_APB1PeriphResetCmd) for RCC_APB1PeriphResetCmd
    stm32f4xx_usart.o(i.USART_Init) refers to stm32f4xx_rcc.o(i.RCC_GetClocksFreq) for RCC_GetClocksFreq
    stm32f4xx_wwdg.o(i.WWDG_DeInit) refers to stm32f4xx_rcc.o(i.RCC_APB1PeriphResetCmd) for RCC_APB1PeriphResetCmd
    stm32f4xx_adc.o(i.ADC_DeInit) refers to stm32f4xx_rcc.o(i.RCC_APB2PeriphResetCmd) for RCC_APB2PeriphResetCmd
    stm32f4x7_eth.o(i.ETH_BackPressureActivationCmd) refers to stm32f4x7_eth.o(i.ETH_Delay) for ETH_Delay
    stm32f4x7_eth.o(i.ETH_CheckFrameReceived) refers to stm32f4x7_eth.o(.data) for DMARxDescToGet
    stm32f4x7_eth.o(i.ETH_DMARxDescChainInit) refers to stm32f4x7_eth.o(.data) for DMARxDescToGet
    stm32f4x7_eth.o(i.ETH_DMARxDescChainInit) refers to stm32f4x7_eth.o(.bss) for RX_Frame_Descriptor
    stm32f4x7_eth.o(i.ETH_DMATxDescChainInit) refers to stm32f4x7_eth.o(.data) for DMATxDescToSet
    stm32f4x7_eth.o(i.ETH_DeInit) refers to stm32f4xx_rcc.o(i.RCC_AHB1PeriphResetCmd) for RCC_AHB1PeriphResetCmd
    stm32f4x7_eth.o(i.ETH_EnhancedDescriptorCmd) refers to stm32f4x7_eth.o(i.ETH_Delay) for ETH_Delay
    stm32f4x7_eth.o(i.ETH_FlushTransmitFIFO) refers to stm32f4x7_eth.o(i.ETH_Delay) for ETH_Delay
    stm32f4x7_eth.o(i.ETH_GetRxPktSize) refers to stm32f4x7_eth.o(i.ETH_GetDMARxDescFrameLength) for ETH_GetDMARxDescFrameLength
    stm32f4x7_eth.o(i.ETH_Get_Received_Frame) refers to stm32f4x7_eth.o(.data) for DMARxDescToGet
    stm32f4x7_eth.o(i.ETH_Get_Received_Frame_interrupt) refers to stm32f4x7_eth.o(.data) for DMARxDescToGet
    stm32f4x7_eth.o(i.ETH_GlobalUnicastWakeUpCmd) refers to stm32f4x7_eth.o(i.ETH_Delay) for ETH_Delay
    stm32f4x7_eth.o(i.ETH_Init) refers to stm32f4xx_rcc.o(i.RCC_GetClocksFreq) for RCC_GetClocksFreq
    stm32f4x7_eth.o(i.ETH_Init) refers to stm32f4x7_eth.o(i.ETH_WritePHYRegister) for ETH_WritePHYRegister
    stm32f4x7_eth.o(i.ETH_Init) refers to stm32f4x7_eth.o(i.ETH_Delay) for ETH_Delay
[...]
    USART_GetFlagStatus                      0x08002385   Thumb Code    26  stm32f4xx_usart.o(i.USART_GetFlagStatus)
    USART_GetITStatus                        0x0800239f   Thumb Code    84  stm32f4xx_usart.o(i.USART_GetITStatus)
    USART_ITConfig                           0x080023f3   Thumb Code    74  stm32f4xx_usart.o(i.USART_ITConfig)
    USART_Init                               0x0800243d   Thumb Code   204  stm32f4xx_usart.o(i.USART_Init)
    USART_SendData                           0x08002511   Thumb Code     8  stm32f4xx_usart.o(i.USART_SendData)
    UsageFault_Handler                       0x08002519   Thumb Code     4  stm32f4xx_it.o(i.UsageFault_Handler)
    __0printf                                0x08002665   Thumb Code    22  printfa.o(i.__0printf)
    __1printf                                0x08002665   Thumb Code     0  printfa.o(i.__0printf)
    __2printf                                0x08002665   Thumb Code     0  printfa.o(i.__0printf)
    __c89printf                              0x08002665   Thumb Code     0  printfa.o(i.__0printf)
    printf                                   0x08002665   Thumb Code     0  printfa.o(i.__0printf)
    __scatterload_copy                       0x0800268b   Thumb Code    14  handlers.o(i.__scatterload_copy)
    __scatterload_null                       0x08002699   Thumb Code     2  handlers.o(i.__scatterload_null)
    __scatterload_zeroinit                   0x0800269b   Thumb Code    14  handlers.o(i.__scatterload_zeroinit)
    etharp_cleanup_netif                     0x08003015   Thumb Code    50  etharp.o(i.etharp_cleanup_netif)
    etharp_input                             0x08003305   Thumb Code   192  etharp.o(i.etharp_input)
    etharp_output                            0x080033d5   Thumb Code   368  etharp.o(i.etharp_output)
    etharp_query                             0x0800367d   Thumb Code   442  etharp.o(i.etharp_query)
    etharp_request                           0x080039b1   Thumb Code    18  etharp.o(i.etharp_request)
    etharp_tmr                               0x080039f5   Thumb Code   214  etharp.o(i.etharp_tmr)
    ethernet_input                           0x08003bc5   Thumb Code   190  ethernet.o(i.ethernet_input)
    ethernet_output                          0x08003c89   Thumb Code   104  ethernet.o(i.ethernet_output)
    ethernetif_init                          0x08003d25   Thumb Code    62  ethernetif.o(i.ethernetif_init)
    fputc                                    0x08003ddd   Thumb Code    32  bsp_usart_dma.o(i.fputc)
    icmp_dest_unreach                        0x08003e01   Thumb Code    18  icmp.o(i.icmp_dest_unreach)
    icmp_input                               0x08003e15   Thumb Code   416  icmp.o(i.icmp_input)
    icmp_time_exceeded                       0x080040d9   Thumb Code    18  icmp.o(i.icmp_time_exceeded)
    inet_chksum_pbuf                         0x080040eb   Thumb Code    86  inet_chksum.o(i.inet_chksum_pbuf)
    ip4_addr_isbroadcast_u32                 0x08004141   Thumb Code    78  ip4_addr.o(i.ip4_addr_isbroadcast_u32)
    ip4_frag                                 0x08004191   Thumb Code   512  ip4_frag.o(i.ip4_frag)
    ip4_input                                0x080043e1   Thumb Code   402  ip4.o(i.ip4_input)
    ip4_output_if                            0x080045b1   Thumb Code    54  ip4.o(i.ip4_output_if)
    ip4_output_if_src                        0x080045e9   Thumb Code   234  ip4.o(i.ip4_output_if_src)
    ip4_reass                                0x08004719   Thumb Code   560  ip4_frag.o(i.ip4_reass)
    ip4_route                                0x08004999   Thumb Code   140  ip4.o(i.ip4_route)
    ip_reass_tmr                             0x08004f65   Thumb Code    48  ip4_frag.o(i.ip_reass_tmr)
    lwip_htonl                               0x08005375   Thumb Code    26  def.o(i.lwip_htonl)
    lwip_htons                               0x0800538f   Thumb Code    12  def.o(i.lwip_htons)
    lwip_init                                0x0800539d   Thumb Code    60  init.o(i.lwip_init)
    lwip_standard_chksum                     0x080053dd   Thumb Code    94  inet_chksum.o(i.lwip_standard_chksum)
    main                                     0x0800543d   Thumb Code    68  main.o(i.main)
    mem_free                                 0x08005495   Thumb Code   228  mem.o(i.mem_free)
    mem_init                                 0x08005625   Thumb Code    98  mem.o(i.mem_init)
    mem_malloc                               0x08005711   Thumb Code   380  mem.o(i.mem_malloc)
    mem_trim                                 0x0800595d   Thumb Code   380  mem.o(i.mem_trim)
    memp_free                                0x08005b35   Thumb Code    46  memp.o(i.memp_free)
    memp_init                                0x08005b85   Thumb Code    26  memp.o(i.memp_init)
    memp_init_pool                           0x08005ba5   Thumb Code    44  memp.o(i.memp_init_pool)
    memp_malloc                              0x08005bd1   Thumb Code    42  memp.o(i.memp_malloc)
    netif_add                                0x08005c21   Thumb Code   284  netif.o(i.netif_add)
    netif_get_by_index                       0x08005ead   Thumb Code    36  netif.o(i.netif_get_by_index)
    netif_init                               0x08005ed5   Thumb Code     2  netif.o(i.netif_init)
    netif_set_addr                           0x08005f51   Thumb Code    92  netif.o(i.netif_set_addr)
    netif_set_default                        0x08005fb1   Thumb Code     6  netif.o(i.netif_set_default)
    netif_set_down                           0x08005fbd   Thumb Code    68  netif.o(i.netif_set_down)
    netif_set_up                             0x08006021   Thumb Code    60  netif.o(i.netif_set_up)
    pbuf_add_header                          0x08006079   Thumb Code    18  pbuf.o(i.pbuf_add_header)
    pbuf_alloc                               0x08006115   Thumb Code   374  pbuf.o(i.pbuf_alloc)
    pbuf_alloc_reference                     0x08006339   Thumb Code    70  pbuf.o(i.pbuf_alloc_reference)
    pbuf_alloced_custom                      0x08006395   Thumb Code    82  pbuf.o(i.pbuf_alloced_custom)
    pbuf_cat                                 0x080063e9   Thumb Code   100  pbuf.o(i.pbuf_cat)
    pbuf_clen                                0x080064c5   Thumb Code    18  pbuf.o(i.pbuf_clen)
    pbuf_clone                               0x080064d9   Thumb Code    60  pbuf.o(i.pbuf_clone)
    pbuf_copy                                0x08006529   Thumb Code   252  pbuf.o(i.pbuf_copy)
    pbuf_copy_partial                        0x080066c5   Thumb Code   148  pbuf.o(i.pbuf_copy_partial)
    pbuf_free                                0x0800679d   Thumb Code   204  pbuf.o(i.pbuf_free)
    pbuf_header_force                        0x080068c5   Thumb Code    18  pbuf.o(i.pbuf_header_force)
    pbuf_realloc                             0x08006919   Thumb Code   164  pbuf.o(i.pbuf_realloc)
    pbuf_ref                                 0x08006a09   Thumb Code    50  pbuf.o(i.pbuf_ref)
    pbuf_remove_header                       0x08006a51   Thumb Code    94  pbuf.o(i.pbuf_remove_header)
    prvAddTaskToStackMonitor                 0x08006e09   Thumb Code    62  trckernelport.o(i.prvAddTaskToStackMonitor)
    prvIsNewTCB                              0x0800739d   Thumb Code    22  trckernelport.o(i.prvIsNewTCB)
    prvIsValidCommand                        0x080073f1   Thumb Code    68  trcstreamingrecorder.o(i.prvIsValidCommand)
    prvProcessCommand                        0x08007435   Thumb Code    24  trcstreamingrecorder.o(i.prvProcessCommand)
    prvRemoveTaskFromStackMonitor            0x08007629   Thumb Code    38  trckernelport.o(i.prvRemoveTaskFromStackMonitor)
    prvReportStackUsage                      0x08007655   Thumb Code   132  trckernelport.o(i.prvReportStackUsage)
    prvTraceDeleteObjectData                 0x0800786d   Thumb Code   128  trcstreamingrecorder.o(i.prvTraceDeleteObjectData)
    prvTraceDeleteSymbol                     0x080078f5   Thumb Code   128  trcstreamingrecorder.o(i.prvTraceDeleteSymbol)
    prvTraceError                            0x0800797d   Thumb Code    76  trcstreamingrecorder.o(i.prvTraceError)
    prvTraceGetCurrentTaskHandle             0x080079f9   Thumb Code     8  trckernelport.o(i.prvTraceGetCurrentTaskHandle)
    prvTraceGetQueueNumber                   0x08007cc9   Thumb Code    12  trckernelport.o(i.prvTraceGetQueueNumber)
    prvTraceGetQueueNumberHigh16             0x08007cd5   Thumb Code    20  trckernelport.o(i.prvTraceGetQueueNumberHigh16)
    prvTraceGetTaskNumberHigh16              0x08007ce9   Thumb Code    20  trckernelport.o(i.prvTraceGetTaskNumberHigh16)
    prvTraceInitCortexM                      0x08007cfd   Thumb Code    76  trcstreamingrecorder.o(i.prvTraceInitCortexM)
    prvTraceSaveObjectData                   0x08007d59   Thumb Code   124  trcstreamingrecorder.o(i.prvTraceSaveObjectData)
    prvTraceSaveObjectSymbol                 0x08007de1   Thumb Code   128  trcstreamingrecorder.o(i.prvTraceSaveObjectSymbol)
    prvTraceSaveSymbol                       0x08007e71   Thumb Code    54  trcstreamingrecorder.o(i.prvTraceSaveSymbol)
    prvTraceSetQueueNumberHigh16             0x08007eb1   Thumb Code    28  trckernelport.o(i.prvTraceSetQueueNumberHigh16)
    prvTraceSetTaskNumberHigh16              0x08007ecd   Thumb Code    28  trckernelport.o(i.prvTraceSetTaskNumberHigh16)
    prvTraceStoreEvent1                      0x08007ee9   Thumb Code   110  trcstreamingrecorder.o(i.prvTraceStoreEvent1)
    prvTraceStoreEvent2                      0x08007f61   Thumb Code   118  trcstreamingrecorder.o(i.prvTraceStoreEvent2)
    prvTraceStoreEvent3                      0x08007fe1   Thumb Code   124  trcstreamingrecorder.o(i.prvTraceStoreEvent3)
    prvTraceStoreSimpleStringEventHelper     0x080081f5   Thumb Code   272  trcstreamingrecorder.o(i.prvTraceStoreSimpleStringEventHelper)
    prvTraceStoreStringEvent                 0x080083cd   Thumb Code    58  trcstreamingrecorder.o(i.prvTraceStoreStringEvent)
    prvTraceWarning                          0x0800864d   Thumb Code    60  trcstreamingrecorder.o(i.prvTraceWarning)
    pvPortMalloc                             0x08008721   Thumb Code   244  heap_4.o(i.pvPortMalloc)
    pvTaskIncrementMutexHeldCount            0x08008831   Thumb Code    26  tasks.o(i.pvTaskIncrementMutexHeldCount)
    pxPortInitialiseStack                    0x08008851   Thumb Code    38  port.o(i.pxPortInitialiseStack)
    readFromRTT                              0x0800887d   Thumb Code    48  trcstreamingport.o(i.readFromRTT)
    sys_arch_mbox_fetch                      0x08008921   Thumb Code    72  sys_arch.o(i.sys_arch_mbox_fetch)
    sys_arch_protect                         0x08008969   Thumb Code    10  sys_arch.o(i.sys_arch_protect)
    sys_arch_unprotect                       0x08008973   Thumb Code    10  sys_arch.o(i.sys_arch_unprotect)
    sys_check_timeouts                       0x0800897d   Thumb Code    74  timeouts.o(i.sys_check_timeouts)
    sys_init                                 0x080089d1   Thumb Code    34  sys_arch.o(i.sys_init)
    sys_mbox_new                             0x080089fd   Thumb Code    32  sys_arch.o(i.sys_mbox_new)
    sys_mbox_trypost                         0x08008a1d   Thumb Code    30  sys_arch.o(i.sys_mbox_trypost)
    sys_mbox_valid                           0x08008a3b   Thumb Code    14  sys_arch.o(i.sys_mbox_valid)
    sys_mutex_lock                           0x08008a49   Thumb Code    16  sys_arch.o(i.sys_mutex_lock)
    sys_mutex_new                            0x08008a59   Thumb Code    32  sys_arch.o(i.sys_mutex_new)
    sys_mutex_unlock                         0x08008a95   Thumb Code    18  sys_arch.o(i.sys_mutex_unlock)
    sys_now                                  0x08008aa9   Thumb Code    16  sys_arch.o(i.sys_now)
    sys_thread_new                           0x08008abd   Thumb Code    68  sys_arch.o(i.sys_thread_new)
    sys_timeout                              0x08008b29   Thumb Code    50  timeouts.o(i.sys_timeout)
    sys_timeouts_init                        0x08008c71   Thumb Code    30  timeouts.o(i.sys_timeouts_init)
    sys_timeouts_sleeptime                   0x08008c99   Thumb Code    78  timeouts.o(i.sys_timeouts_sleeptime)
    tcp_abandon                              0x08008d01   Thumb Code   256  tcp.o(i.tcp_abandon)
    tcp_abort                                0x08008e61   Thumb Code    14  tcp.o(i.tcp_abort)
    tcp_alloc                                0x08008e71   Thumb Code   174  tcp.o(i.tcp_alloc)
    tcp_close                                0x08008f31   Thumb Code    54  tcp.o(i.tcp_close)
    tcp_eff_send_mss_netif                   0x0800930d   Thumb Code    72  tcp.o(i.tcp_eff_send_mss_netif)
    tcp_enqueue_flags                        0x0800937d   Thumb Code   358  tcp_out.o(i.tcp_enqueue_flags)
    tcp_fasttmr                              0x080095b1   Thumb Code   142  tcp.o(i.tcp_fasttmr)
    tcp_free                                 0x0800964d   Thumb Code    34  tcp.o(i.tcp_free)
    tcp_init                                 0x0800982d   Thumb Code     2  tcp.o(i.tcp_init)
    tcp_input                                0x08009831   Thumb Code  1844  tcp_in.o(i.tcp_input)
    tcp_keepalive                            0x0800a02d   Thumb Code    88  tcp_out.o(i.tcp_keepalive)
    tcp_netif_ip_addr_changed                0x0800a3ad   Thumb Code    64  tcp.o(i.tcp_netif_ip_addr_changed)
    tcp_next_iss                             0x0800a469   Thumb Code    40  tcp.o(i.tcp_next_iss)
    tcp_output                               0x0800a4b5   Thumb Code   658  tcp_out.o(i.tcp_output)
    tcp_pcb_purge                            0x0800ad09   Thumb Code    84  tcp.o(i.tcp_pcb_purge)
    tcp_pcb_remove                           0x0800ad79   Thumb Code   184  tcp.o(i.tcp_pcb_remove)
    tcp_process_refused_data                 0x0800b545   Thumb Code   170  tcp.o(i.tcp_process_refused_data)
    tcp_recv_null                            0x0800bd41   Thumb Code    68  tcp.o(i.tcp_recv_null)
    tcp_recved                               0x0800bda1   Thumb Code   112  tcp.o(i.tcp_recved)
    tcp_rexmit                               0x0800bea5   Thumb Code   132  tcp_out.o(i.tcp_rexmit)
    tcp_rexmit_fast                          0x0800bf41   Thumb Code   132  tcp_out.o(i.tcp_rexmit_fast)
    tcp_rexmit_rto                           0x0800bfe5   Thumb Code    36  tcp_out.o(i.tcp_rexmit_rto)
    tcp_rexmit_rto_commit                    0x0800c025   Thumb Code    46  tcp_out.o(i.tcp_rexmit_rto_commit)
    tcp_rexmit_rto_prepare                   0x0800c079   Thumb Code   140  tcp_out.o(i.tcp_rexmit_rto_prepare)
    tcp_rst                                  0x0800c149   Thumb Code   128  tcp_out.o(i.tcp_rst)
    tcp_seg_free                             0x0800c201   Thumb Code    26  tcp.o(i.tcp_seg_free)
    tcp_segs_free                            0x0800c21b   Thumb Code    24  tcp.o(i.tcp_segs_free)
    tcp_send_empty_ack                       0x0800c235   Thumb Code   184  tcp_out.o(i.tcp_send_empty_ack)
    tcp_send_fin                             0x0800c30d   Thumb Code    94  tcp_out.o(i.tcp_send_fin)
    tcp_slowtmr                              0x0800c389   Thumb Code  1486  tcp.o(i.tcp_slowtmr)
    tcp_split_unsent_seg                     0x0800c9e1   Thumb Code   468  tcp_out.o(i.tcp_split_unsent_seg)
    tcp_timer_needed                         0x0800cc29   Thumb Code    38  timeouts.o(i.tcp_timer_needed)
    tcp_tmr                                  0x0800cd3d   Thumb Code    30  tcp.o(i.tcp_tmr)
    tcp_trigger_input_pcb_close              0x0800cd61   Thumb Code    14  tcp_in.o(i.tcp_trigger_input_pcb_close)
    tcp_update_rcv_ann_wnd                   0x0800cd75   Thumb Code   110  tcp.o(i.tcp_update_rcv_ann_wnd)
    tcp_zero_window_probe                    0x0800ce25   Thumb Code   228  tcp_out.o(i.tcp_zero_window_probe)
    tcpip_init                               0x0800cf2d   Thumb Code    84  tcpip.o(i.tcpip_init)
    tcpip_inpkt                              0x0800cfe5   Thumb Code    88  tcpip.o(i.tcpip_inpkt)
    tcpip_input                              0x0800d051   Thumb Code    40  tcpip.o(i.tcpip_input)
    udp_init                                 0x0800d201   Thumb Code     2  udp.o(i.udp_init)
    udp_input                                0x0800d205   Thumb Code   388  udp.o(i.udp_input)
    udp_netif_ip_addr_changed                0x0800d4b1   Thumb Code    42  udp.o(i.udp_netif_ip_addr_changed)
    uxListRemove                             0x0800d4e1   Thumb Code    40  list.o(i.uxListRemove)
    uxQueueGetQueueNumber                    0x0800d509   Thumb Code     6  queue.o(i.uxQueueGetQueueNumber)
    uxTaskGetStackHighWaterMark              0x0800d511   Thumb Code    34  tasks.o(i.uxTaskGetStackHighWaterMark)
    uxTaskGetTaskNumber                      0x0800d539   Thumb Code    14  tasks.o(i.uxTaskGetTaskNumber)
    vListInitialise                          0x0800d547   Thumb Code    26  list.o(i.vListInitialise)
    vListInitialiseItem                      0x0800d561   Thumb Code     6  list.o(i.vListInitialiseItem)
    vListInsert                              0x0800d567   Thumb Code    52  list.o(i.vListInsert)
    vListInsertEnd                           0x0800d59b   Thumb Code    24  list.o(i.vListInsertEnd)
    vPortEnterCritical                       0x0800d5b5   Thumb Code    30  port.o(i.vPortEnterCritical)
    vPortExitCritical                        0x0800d5d9   Thumb Code    28  port.o(i.vPortExitCritical)
    vPortFree                                0x0800d5f9   Thumb Code   110  heap_4.o(i.vPortFree)
    vPortSetupTimerInterrupt                 0x0800d679   Thumb Code    36  port.o(i.vPortSetupTimerInterrupt)
    vQueueAddToRegistry                      0x0800d6a1   Thumb Code    62  queue.o(i.vQueueAddToRegistry)
    vQueueSetQueueNumber                     0x0800d6e5   Thumb Code     4  queue.o(i.vQueueSetQueueNumber)
    vQueueWaitForMessageRestricted           0x0800d6e9   Thumb Code    74  queue.o(i.vQueueWaitForMessageRestricted)
    vTaskDelay                               0x0800d735   Thumb Code    72  tasks.o(i.vTaskDelay)
    vTaskDelete                              0x0800d785   Thumb Code   234  tasks.o(i.vTaskDelete)
    vTaskInternalSetTimeOutState             0x0800d899   Thumb Code    14  tasks.o(i.vTaskInternalSetTimeOutState)
    vTaskMissedYield                         0x0800d8b1   Thumb Code     8  tasks.o(i.vTaskMissedYield)
    vTaskPlaceOnEventList                    0x0800d8bd   Thumb Code    28  tasks.o(i.vTaskPlaceOnEventList)
    vTaskPlaceOnEventListRestricted          0x0800d8dd   Thumb Code    70  tasks.o(i.vTaskPlaceOnEventListRestricted)
    vTaskPriorityDisinheritAfterTimeout      0x0800d931   Thumb Code   230  tasks.o(i.vTaskPriorityDisinheritAfterTimeout)
    vTaskSetTaskNumber                       0x0800da25   Thumb Code     8  tasks.o(i.vTaskSetTaskNumber)
    vTaskStartScheduler                      0x0800da2d   Thumb Code   138  tasks.o(i.vTaskStartScheduler)
    vTaskSuspendAll                          0x0800dae1   Thumb Code    12  tasks.o(i.vTaskSuspendAll)
    vTaskSwitchContext                       0x0800daf1   Thumb Code   132  tasks.o(i.vTaskSwitchContext)
    vTraceEnable                             0x0800db91   Thumb Code   208  trckernelport.o(i.vTraceEnable)
    vTraceStop                               0x0800dc91   Thumb Code    10  trcstreamingrecorder.o(i.vTraceStop)
    writeToRTT                               0x0800dc9b   Thumb Code    32  trcstreamingport.o(i.writeToRTT)
    xPortStartScheduler                      0x0800dcbd   Thumb Code    58  port.o(i.xPortStartScheduler)
    xQueueCreateMutex                        0x0800dd05   Thumb Code    34  queue.o(i.xQueueCreateMutex)
    xQueueGenericCreate                      0x0800dd29   Thumb Code   140  queue.o(i.xQueueGenericCreate)
    xQueueGenericReset                       0x0800ddb9   Thumb Code   122  queue.o(i.xQueueGenericReset)
    xQueueGenericSend                        0x0800de39   Thumb Code   682  queue.o(i.xQueueGenericSend)
    xQueueGenericSendFromISR                 0x0800e0ed   Thumb Code   270  queue.o(i.xQueueGenericSendFromISR)
    xQueueGiveFromISR                        0x0800e201   Thumb Code    18  queue.o(i.xQueueGiveFromISR)
    xQueueReceive                            0x0800e215   Thumb Code   656  queue.o(i.xQueueReceive)
    xQueueSemaphoreTake                      0x0800e4ad   Thumb Code   698  queue.o(i.xQueueSemaphoreTake)
    xTaskCheckForTimeOut                     0x0800e771   Thumb Code    84  tasks.o(i.xTaskCheckForTimeOut)
    xTaskCreate                              0x0800e7cd   Thumb Code    96  tasks.o(i.xTaskCreate)
    xTaskGetCurrentTaskHandle                0x0800e82d   Thumb Code     6  tasks.o(i.xTaskGetCurrentTaskHandle)
    xTaskGetSchedulerState                   0x0800e839   Thumb Code    24  tasks.o(i.xTaskGetSchedulerState)
    xTaskGetTickCount                        0x0800e859   Thumb Code     6  tasks.o(i.xTaskGetTickCount)
    xTaskIncrementTick                       0x0800e865   Thumb Code   304  tasks.o(i.xTaskIncrementTick)
    xTaskPriorityDisinherit                  0x0800e9c9   Thumb Code   194  tasks.o(i.xTaskPriorityDisinherit)
    xTaskPriorityInherit                     0x0800ea99   Thumb Code   260  tasks.o(i.xTaskPriorityInherit)
    xTaskRemoveFromEventList                 0x0800ebad   Thumb Code   126  tasks.o(i.xTaskRemoveFromEventList)
    xTaskResumeAll                           0x0800ec49   Thumb Code   218  tasks.o(i.xTaskResumeAll)
    xTimerCreateTimerTask                    0x0800ed4d   Thumb Code    40  timers.o(i.xTimerCreateTimerTask)
    xTimerGenericCommand                     0x0800ed89   Thumb Code   104  timers.o(i.xTimerGenericCommand)
    xTraceIsRecordingEnabled                 0x0800edf5   Thumb Code     6  trcstreamingrecorder.o(i.xTraceIsRecordingEnabled)
    xTraceRegisterString                     0x0800ee01   Thumb Code    46  trcstreamingrecorder.o(i.xTraceRegisterString)
    memp_UDP_PCB                             0x0800ee30   Data          12  memp.o(.constdata)
    memp_TCP_PCB                             0x0800ee3c   Data          12  memp.o(.constdata)
    memp_TCP_PCB_LISTEN                      0x0800ee48   Data          12  memp.o(.constdata)
    memp_TCP_SEG                             0x0800ee54   Data          12  memp.o(.constdata)
    memp_REASSDATA                           0x0800ee60   Data          12  memp.o(.constdata)
    memp_FRAG_PBUF                           0x0800ee6c   Data          12  memp.o(.constdata)
    memp_NETBUF                              0x0800ee78   Data          12  memp.o(.constdata)
    memp_NETCONN                             0x0800ee84   Data          12  memp.o(.constdata)
    memp_TCPIP_MSG_API                       0x0800ee90   Data          12  memp.o(.constdata)
    memp_TCPIP_MSG_INPKT                     0x0800ee9c   Data          12  memp.o(.constdata)
    memp_SYS_TIMEOUT                         0x0800eea8   Data          12  memp.o(.constdata)
    memp_PBUF                                0x0800eeb4   Data          12  memp.o(.constdata)
    memp_PBUF_POOL                           0x0800eec0   Data          12  memp.o(.constdata)
    memp_pools                               0x0800eecc   Data          52  memp.o(.constdata)
    tcp_pcb_lists                            0x0800ef40   Data          16  tcp.o(.constdata)
    lwip_cyclic_timers                       0x0800ef50   Data          24  timeouts.o(.constdata)
    lwip_num_cyclic_timers                   0x0800ef68   Data           4  timeouts.o(.constdata)
    ip_addr_any                              0x0800ef6c   Data           4  ip4_addr.o(.constdata)
    ip_addr_broadcast                        0x0800ef70   Data           4  ip4_addr.o(.constdata)
    ethbroadcast                             0x0800ef74   Data           6  ethernet.o(.constdata)
    ethzero                                  0x0800ef7a   Data           6  ethernet.o(.constdata)
    Region$$Table$$Base                      0x0800f0d8   Number         0  anon$$obj.o(Region$$Table)
    Region$$Table$$Limit                     0x0800f0f8   Number         0  anon$$obj.o(Region$$Table)
    DMATxDescToSet                           0x20000010   Data           4  stm32f4x7_eth.o(.data)
    DMARxDescToGet                           0x20000014   Data           4  stm32f4x7_eth.o(.data)
    DMA_RX_FRAME_infos                       0x20000018   Data           4  stm32f4x7_eth.o(.data)
    Frame_Rx_index                           0x2000001c   Data           4  stm32f4x7_eth.o(.data)
    SystemCoreClock                          0x20000020   Data           4  system_stm32f4xx.o(.data)
    AHBPrescTable                            0x20000024   Data          16  system_stm32f4xx.o(.data)
    tasksNotIncluded                         0x20000038   Data           4  trckernelport.o(.data)
    trcWarningChannel                        0x20000040   Data           4  trckernelport.o(.data)
    trcHeapCounter                           0x20000048   Data           4  trcstreamingrecorder.o(.data)
    RecorderEnabled                          0x20000064   Data           4  trcstreamingrecorder.o(.data)
    isPendingContextSwitch                   0x20000074   Data           4  trcstreamingrecorder.o(.data)
    uiTraceTickCount                         0x20000078   Data           4  trcstreamingrecorder.o(.data)
    timestampFrequency                       0x2000007c   Data           4  trcstreamingrecorder.o(.data)
    DroppedEventCounter                      0x20000080   Data           4  trcstreamingrecorder.o(.data)
    TotalBytesRemaining_LowWaterMark         0x20000084   Data           4  trcstreamingrecorder.o(.data)
    TotalBytesRemaining                      0x20000088   Data           4  trcstreamingrecorder.o(.data)
    EventBuffer                              0x2000008c   Data           4  trcstreamingrecorder.o(.data)
    PSFExtensionInfo                         0x20000090   Data           4  trcstreamingrecorder.o(.data)
    NoRoomForSymbol                          0x20000094   Data           4  trcstreamingrecorder.o(.data)
    NoRoomForObjectData                      0x20000098   Data           4  trcstreamingrecorder.o(.data)
    LongestSymbolName                        0x2000009c   Data           4  trcstreamingrecorder.o(.data)
    MaxBytesTruncated                        0x200000a0   Data           4  trcstreamingrecorder.o(.data)
    CurrentFilterMask                        0x200000a4   Data           2  trcstreamingrecorder.o(.data)
    CurrentFilterGroup                       0x200000a6   Data           2  trcstreamingrecorder.o(.data)
    uiTraceSystemState                       0x200000a8   Data           4  trcstreamingrecorder.o(.data)
    pxCurrentTCB                             0x200000d4   Data           4  tasks.o(.data)
    lock_tcpip_core                          0x20000130   Data           4  tcpip.o(.data)
    netif_list                               0x20000178   Data           4  netif.o(.data)
    netif_default                            0x2000017c   Data           4  netif.o(.data)
    tcp_ticks                                0x20000188   Data           4  tcp.o(.data)
    tcp_bound_pcbs                           0x2000018c   Data           4  tcp.o(.data)
    tcp_listen_pcbs                          0x20000190   Data           4  tcp.o(.data)
    tcp_active_pcbs                          0x20000194   Data           4  tcp.o(.data)
    tcp_tw_pcbs                              0x20000198   Data           4  tcp.o(.data)
    tcp_active_pcbs_changed                  0x2000019c   Data           1  tcp.o(.data)
    tcp_input_pcb                            0x200001c8   Data           4  tcp_in.o(.data)
    udp_pcbs                                 0x200001dc   Data           4  udp.o(.data)
    MQTT_Data_Queue                          0x200001ec   Data           4  main.o(.data)
    TIM2_TIME                                0x200001fc   Data           4  stm32f4xx_it.o(.data)
    s_xSemaphore                             0x20000204   Data           4  ethernetif.o(.data)
    EthStatus                                0x2000020c   Data           4  lan8742a.o(.data)
    EthLinkStatus                            0x20000210   Data           1  lan8742a.o(.data)
    errno                                    0x20000214   Data           4  sys_arch.o(.data)
    lwip_sys_now                             0x20000218   Data           4  sys_arch.o(.data)
    ipaddr                                   0x20000220   Data           4  sys_arch.o(.data)
    netmask                                  0x20000224   Data           4  sys_arch.o(.data)
    gw                                       0x20000228   Data           4  sys_arch.o(.data)
    IP_ADDRESS                               0x2000022c   Data           4  sys_arch.o(.data)
    NETMASK_ADDRESS                          0x20000230   Data           4  sys_arch.o(.data)
    GATEWAY_ADDRESS                          0x20000234   Data           4  sys_arch.o(.data)
    __stdout                                 0x20000238   Data           4  stdout.o(.data)
    DMARxDscrTab                             0x2000023c   Data         160  stm32f4x7_eth.o(.bss)
    DMATxDscrTab                             0x200002dc   Data         160  stm32f4x7_eth.o(.bss)
    Rx_Buff                                  0x2000037c   Data        7620  stm32f4x7_eth.o(.bss)
    Tx_Buff                                  0x20002140   Data        7620  stm32f4x7_eth.o(.bss)
    RX_Frame_Descriptor                      0x20003f04   Data          12  stm32f4x7_eth.o(.bss)
    _SEGGER_RTT                              0x20003f10   Data         168  segger_rtt.o(.bss)
    tasksInStackMonitor                      0x20004008   Data          80  trckernelport.o(.bss)
    _TzTraceData                             0x20004058   Data        5000  trckernelport.o(.bss)
    PageInfo                                 0x20005a60   Data          80  trcstreamingrecorder.o(.bss)
    xQueueRegistry                           0x2000dab0   Data          64  queue.o(.bss)
    ip_data                                  0x2000dc1c   Data          24  ip.o(.bss)
    ram_heap                                 0x2000dc34   Data       25619  mem.o(.bss)
    memp_memory_UDP_PCB_base                 0x20014047   Data         131  memp.o(.bss)
    memp_memory_TCP_PCB_base                 0x200140ca   Data         611  memp.o(.bss)
    memp_memory_TCP_PCB_LISTEN_base          0x2001432d   Data          59  memp.o(.bss)
    memp_memory_TCP_SEG_base                 0x20014368   Data        1923  memp.o(.bss)
    memp_memory_REASSDATA_base               0x20014aeb   Data         163  memp.o(.bss)
    memp_memory_FRAG_PBUF_base               0x20014b8e   Data         363  memp.o(.bss)
    memp_memory_NETBUF_base                  0x20014cf9   Data          35  memp.o(.bss)
    memp_memory_NETCONN_base                 0x20014d1c   Data         163  memp.o(.bss)
    memp_memory_TCPIP_MSG_API_base           0x20014dbf   Data         131  memp.o(.bss)
    memp_memory_TCPIP_MSG_INPKT_base         0x20014e42   Data         131  memp.o(.bss)
    memp_memory_SYS_TIMEOUT_base             0x20014ec5   Data          99  memp.o(.bss)
    memp_memory_PBUF_base                    0x20014f28   Data         243  memp.o(.bss)
    memp_memory_PBUF_POOL_base               0x2001501b   Data       30643  memp.o(.bss)
    SendBuff                                 0x2001c8d0   Data        1025  bsp_usart_dma.o(.bss)
    ETH_InitStructure                        0x2001ccd4   Data         188  lan8742a.o(.bss)
    gnetif                                   0x2001cdb0   Data          52  sys_arch.o(.bss)
    __initial_sp                             0x2001d1e8   Data           0  startup_stm32f40xx.o(STACK)



==============================================================================

Memory Map of the image

  Image Entry point : 0x08000189

  Load Region LR_IROM1 (Base: 0x08000000, Size: 0x0000f334, Max: 0x00100000, ABSOLUTE, COMPRESSED[0x0000f138])

    Execution Region ER_IROM1 (Exec base: 0x08000000, Load base: 0x08000000, Size: 0x0000f0f8, Max: 0x00100000, ABSOLUTE)

    Exec Addr    Load Addr    Size         Type   Attr      Idx    E Section Name        Object

    0x08000000   0x08000000   0x00000188   Data   RO         2669    RESET               startup_stm32f40xx.o
    0x08000188   0x08000188   0x00000000   Code   RO        10397  * .ARM.Collect$$$$00000000  mc_w.l(entry.o)
    0x08000188   0x08000188   0x00000004   Code   RO        10759    .ARM.Collect$$$$00000001  mc_w.l(entry2.o)
    0x0800018c   0x0800018c   0x00000004   Code   RO        10762    .ARM.Collect$$$$00000004  mc_w.l(entry5.o)
    0x08000190   0x08000190   0x00000000   Code   RO        10764    .ARM.Collect$$$$00000008  mc_w.l(entry7b.o)
    0x08000190   0x08000190   0x00000000   Code   RO        10766    .ARM.Collect$$$$0000000A  mc_w.l(entry8b.o)
    0x08000190   0x08000190   0x00000008   Code   RO        10767    .ARM.Collect$$$$0000000B  mc_w.l(entry9a.o)
    0x08000198   0x08000198   0x00000004   Code   RO        10774    .ARM.Collect$$$$0000000E  mc_w.l(entry12b.o)
    0x0800019c   0x0800019c   0x00000000   Code   RO        10769    .ARM.Collect$$$$0000000F  mc_w.l(entry10a.o)
    0x0800019c   0x0800019c   0x00000000   Code   RO        10771    .ARM.Collect$$$$00000011  mc_w.l(entry11a.o)
    0x0800019c   0x0800019c   0x00000004   Code   RO        10760    .ARM.Collect$$$$00002712  mc_w.l(entry2.o)
    0x080001a0   0x080001a0   0x000000be   Code   RO         3750    .emb_text           port.o
    0x0800025e   0x0800025e   0x00000002   PAD
    0x08000260   0x08000260   0x00000024   Code   RO         2670    .text               startup_stm32f40xx.o
    0x08000284   0x08000284   0x00000040   Code   RO        10432    .text               mc_w.l(memmovea.o)
    0x080002c4   0x080002c4   0x00000024   Code   RO        10434    .text               mc_w.l(memseta.o)
    0x080002e8   0x080002e8   0x0000001a   Code   RO        10440    .text               mc_w.l(memcmp.o)
    0x08000302   0x08000302   0x00000012   Code   RO        10442    .text               mc_w.l(strcpy.o)
    0x08000314   0x08000314   0x000000e4   Code   RO        10747    .text               mf_w.l(dmul.o)
    0x080003f8   0x080003f8   0x00000030   Code   RO        10757    .text               mf_w.l(cdrcmple.o)
    0x08000428   0x08000428   0x0000002c   Code   RO        10776    .text               mc_w.l(uidiv.o)
    0x08000454   0x08000454   0x00000062   Code   RO        10778    .text               mc_w.l(uldiv.o)
    0x080004b6   0x080004b6   0x00000020   Code   RO        10780    .text               mc_w.l(llushr.o)
    0x080004d6   0x080004d6   0x00000000   Code   RO        10799    .text               mc_w.l(iusefp.o)
    0x080004d6   0x080004d6   0x000000ba   Code   RO        10800    .text               mf_w.l(depilogue.o)
    0x08000590   0x08000590   0x0000014e   Code   RO        10802    .text               mf_w.l(dadd.o)
    0x080006de   0x080006de   0x000000de   Code   RO        10804    .text               mf_w.l(ddiv.o)
    0x080007bc   0x080007bc   0x00000030   Code   RO        10808    .text               mf_w.l(dfixul.o)
    0x080007ec   0x080007ec   0x00000024   Code   RO        10812    .text               mc_w.l(init.o)
    0x08000810   0x08000810   0x0000001e   Code   RO        10814    .text               mc_w.l(llshl.o)
    0x0800082e   0x0800082e   0x00000024   Code   RO        10816    .text               mc_w.l(llsshr.o)
    0x08000852   0x08000852   0x00000056   Code   RO        10839    .text               mc_w.l(__dczerorl2.o)
    0x080008a8   0x080008a8   0x00000004   Code   RO         8584    i.BusFault_Handler  stm32f4xx_it.o
    0x080008ac   0x080008ac   0x00000028   Code   RO         8820    i.CPU_TS_TmrInit    core_delay.o
    0x080008d4   0x080008d4   0x00000034   Code   RO          160    i.DMA_ClearITPendingBit  stm32f4xx_dma.o
    0x08000908   0x08000908   0x00000016   Code   RO          161    i.DMA_Cmd           stm32f4xx_dma.o
    0x0800091e   0x0800091e   0x00000002   PAD
    0x08000920   0x08000920   0x00000158   Code   RO          162    i.DMA_DeInit        stm32f4xx_dma.o
    0x08000a78   0x08000a78   0x0000002c   Code   RO         8912    i.DMA_Enable        bsp_usart_dma.o
    0x08000aa4   0x08000aa4   0x00000014   Code   RO          166    i.DMA_GetCmdStatus  stm32f4xx_dma.o
    0x08000ab8   0x08000ab8   0x00000008   Code   RO          167    i.DMA_GetCurrDataCounter  stm32f4xx_dma.o
    0x08000ac0   0x08000ac0   0x00000058   Code   RO          173    i.DMA_Init          stm32f4xx_dma.o
    0x08000b18   0x08000b18   0x00000004   Code   RO          176    i.DMA_SetCurrDataCounter  stm32f4xx_dma.o
    0x08000b1c   0x08000b1c   0x00000002   Code   RO         8585    i.DebugMon_Handler  stm32f4xx_it.o
    0x08000b1e   0x08000b1e   0x00000002   PAD
    0x08000b20   0x08000b20   0x00000030   Code   RO         9040    i.ETH_BSP_Config    lan8742a.o
    0x08000b50   0x08000b50   0x0000000c   Code   RO         2128    i.ETH_DMAClearITPendingBit  stm32f4x7_eth.o
    0x08000b5c   0x08000b5c   0x00000020   Code   RO         2129    i.ETH_DMAITConfig   stm32f4x7_eth.o
    0x08000b7c   0x08000b7c   0x00000024   Code   RO         2130    i.ETH_DMAReceptionCmd  stm32f4x7_eth.o
    0x08000ba0   0x08000ba0   0x00000064   Code   RO         2131    i.ETH_DMARxDescChainInit  stm32f4x7_eth.o
    0x08000c04   0x08000c04   0x00000016   Code   RO         2132    i.ETH_DMARxDescReceiveITConfig  stm32f4x7_eth.o
    0x08000c1a   0x08000c1a   0x00000002   PAD
    0x08000c1c   0x08000c1c   0x00000024   Code   RO         2133    i.ETH_DMATransmissionCmd  stm32f4x7_eth.o
    0x08000c40   0x08000c40   0x00000050   Code   RO         2136    i.ETH_DMATxDescChainInit  stm32f4x7_eth.o
    0x08000c90   0x08000c90   0x00000008   Code   RO         2137    i.ETH_DMATxDescChecksumInsertionConfig  stm32f4x7_eth.o
    0x08000c98   0x08000c98   0x00000016   Code   RO         2142    i.ETH_DeInit        stm32f4x7_eth.o
    0x08000cae   0x08000cae   0x0000001c   Code   RO         2143    i.ETH_Delay         stm32f4x7_eth.o
    0x08000cca   0x08000cca   0x00000002   PAD
    0x08000ccc   0x08000ccc   0x0000002c   Code   RO         2145    i.ETH_FlushTransmitFIFO  stm32f4x7_eth.o
    0x08000cf8   0x08000cf8   0x00000154   Code   RO         9041    i.ETH_GPIO_Config   lan8742a.o
    0x08000e4c   0x08000e4c   0x00000018   Code   RO         2151    i.ETH_GetDMAFlagStatus  stm32f4x7_eth.o
    0x08000e64   0x08000e64   0x00000018   Code   RO         2171    i.ETH_GetSoftwareResetStatus  stm32f4x7_eth.o
    0x08000e7c   0x08000e7c   0x00000118   Code   RO         2174    i.ETH_Get_Received_Frame_interrupt  stm32f4x7_eth.o
    0x08000f94   0x08000f94   0x0000004c   Code   RO         8586    i.ETH_IRQHandler    stm32f4xx_it.o
    0x08000fe0   0x08000fe0   0x00000328   Code   RO         2176    i.ETH_Init          stm32f4x7_eth.o
    0x08001308   0x08001308   0x00000034   Code   RO         2178    i.ETH_MACAddressConfig  stm32f4x7_eth.o
    0x0800133c   0x0800133c   0x00000054   Code   RO         9042    i.ETH_MACDMA_Config  lan8742a.o
    0x08001390   0x08001390   0x00000040   Code   RO         2183    i.ETH_MACReceptionCmd  stm32f4x7_eth.o
    0x080013d0   0x080013d0   0x00000040   Code   RO         2184    i.ETH_MACTransmissionCmd  stm32f4x7_eth.o
    0x08001410   0x08001410   0x00000022   Code   RO         9043    i.ETH_NVIC_Config   lan8742a.o
    0x08001432   0x08001432   0x00000002   PAD
    0x08001434   0x08001434   0x000000cc   Code   RO         2195    i.ETH_Prepare_Transmit_Descriptors  stm32f4x7_eth.o
    0x08001500   0x08001500   0x0000006c   Code   RO         2196    i.ETH_ReadPHYRegister  stm32f4x7_eth.o
    0x0800156c   0x0800156c   0x00000014   Code   RO         2204    i.ETH_SoftwareReset  stm32f4x7_eth.o
    0x08001580   0x08001580   0x00000020   Code   RO         2205    i.ETH_Start         stm32f4x7_eth.o
    0x080015a0   0x080015a0   0x000000b2   Code   RO         2207    i.ETH_StructInit    stm32f4x7_eth.o
    0x08001652   0x08001652   0x00000002   PAD
    0x08001654   0x08001654   0x00000068   Code   RO         2209    i.ETH_WritePHYRegister  stm32f4x7_eth.o
    0x080016bc   0x080016bc   0x00000038   Code   RO         8587    i.EXTI9_5_IRQHandler  stm32f4xx_it.o
    0x080016f4   0x080016f4   0x0000000c   Code   RO          292    i.EXTI_ClearITPendingBit  stm32f4xx_exti.o
    0x08001700   0x08001700   0x00000018   Code   RO          296    i.EXTI_GetITStatus  stm32f4xx_exti.o
    0x08001718   0x08001718   0x00000090   Code   RO          358    i.GPIO_Init         stm32f4xx_gpio.o
    0x080017a8   0x080017a8   0x00000046   Code   RO          359    i.GPIO_PinAFConfig  stm32f4xx_gpio.o
    0x080017ee   0x080017ee   0x00000004   Code   RO          365    i.GPIO_ResetBits    stm32f4xx_gpio.o
    0x080017f2   0x080017f2   0x00000004   Code   RO          366    i.GPIO_SetBits      stm32f4xx_gpio.o
    0x080017f6   0x080017f6   0x00000002   PAD
    0x080017f8   0x080017f8   0x00000014   Code   RO         8588    i.HardFault_Handler  stm32f4xx_it.o
    0x0800180c   0x0800180c   0x0000003c   Code   RO         8888    i.LED_GPIO_Config   bsp_led.o
    0x08001848   0x08001848   0x00000004   Code   RO         8589    i.MemManage_Handler  stm32f4xx_it.o
    0x0800184c   0x0800184c   0x0000010c   Code   RO         3833    i.MyWrapper_xQueueGiveFromISR  queue.o
    0x08001958   0x08001958   0x00000002   Code   RO         8590    i.NMI_Handler       stm32f4xx_it.o
    0x0800195a   0x0800195a   0x00000002   PAD
    0x0800195c   0x0800195c   0x00000078   Code   RO            4    i.NVIC_Init         misc.o
    0x080019d4   0x080019d4   0x00000014   Code   RO            5    i.NVIC_PriorityGroupConfig  misc.o
    0x080019e8   0x080019e8   0x00000020   Code   RO          459    i.RCC_AHB1PeriphClockCmd  stm32f4xx_rcc.o
    0x08001a08   0x08001a08   0x00000020   Code   RO          461    i.RCC_AHB1PeriphResetCmd  stm32f4xx_rcc.o
    0x08001a28   0x08001a28   0x00000020   Code   RO          471    i.RCC_APB2PeriphClockCmd  stm32f4xx_rcc.o
    0x08001a48   0x08001a48   0x000000e8   Code   RO          480    i.RCC_GetClocksFreq  stm32f4xx_rcc.o
    0x08001b30   0x08001b30   0x000000a8   Code   RO         2717    i.SEGGER_RTT_ConfigDownBuffer  segger_rtt.o
    0x08001bd8   0x08001bd8   0x000000a8   Code   RO         2718    i.SEGGER_RTT_ConfigUpBuffer  segger_rtt.o
    0x08001c80   0x08001c80   0x00000038   Code   RO         2723    i.SEGGER_RTT_Read   segger_rtt.o
    0x08001cb8   0x08001cb8   0x00000098   Code   RO         2724    i.SEGGER_RTT_ReadNoLock  segger_rtt.o
    0x08001d50   0x08001d50   0x00000048   Code   RO         2732    i.SEGGER_RTT_Write  segger_rtt.o
    0x08001d98   0x08001d98   0x00000084   Code   RO         2733    i.SEGGER_RTT_WriteNoLock  segger_rtt.o
    0x08001e1c   0x08001e1c   0x0000000c   Code   RO          997    i.SYSCFG_ETH_MediaInterfaceConfig  stm32f4xx_syscfg.o
    0x08001e28   0x08001e28   0x000000ec   Code   RO         2677    i.SetSysClock       system_stm32f4xx.o
    0x08001f14   0x08001f14   0x00000034   Code   RO         3751    i.SysTick_Handler   port.o
    0x08001f48   0x08001f48   0x00000068   Code   RO         2679    i.SystemInit        system_stm32f4xx.o
    0x08001fb0   0x08001fb0   0x00000100   Code   RO         9097    i.TCPIP_Init        sys_arch.o
    0x080020b0   0x080020b0   0x00000014   Code   RO         8483    i.TCPIP_task        main.o
    0x080020c4   0x080020c4   0x00000020   Code   RO         8591    i.TIM2_IRQHandler   stm32f4xx_it.o
    0x080020e4   0x080020e4   0x00000006   Code   RO         1066    i.TIM_ClearITPendingBit  stm32f4xx_tim.o
    0x080020ea   0x080020ea   0x00000022   Code   RO         1092    i.TIM_GetITStatus   stm32f4xx_tim.o
    0x0800210c   0x0800210c   0x00000054   Code   RO         2976    i.TzCtrl            trckernelport.o
    0x08002160   0x08002160   0x0000008c   Code   RO         8913    i.USART1_IRQHandler  bsp_usart_dma.o
    0x080021ec   0x080021ec   0x000000e0   Code   RO         8914    i.USART1_Init       bsp_usart_dma.o
    0x080022cc   0x080022cc   0x00000018   Code   RO         1625    i.USART_Cmd         stm32f4xx_usart.o
    0x080022e4   0x080022e4   0x00000012   Code   RO         1626    i.USART_DMACmd      stm32f4xx_usart.o
    0x080022f6   0x080022f6   0x00000002   PAD
    0x080022f8   0x080022f8   0x0000008c   Code   RO         8915    i.USART_DMA_Config  bsp_usart_dma.o
    0x08002384   0x08002384   0x0000001a   Code   RO         1628    i.USART_GetFlagStatus  stm32f4xx_usart.o
    0x0800239e   0x0800239e   0x00000054   Code   RO         1629    i.USART_GetITStatus  stm32f4xx_usart.o
    0x080023f2   0x080023f2   0x0000004a   Code   RO         1631    i.USART_ITConfig    stm32f4xx_usart.o
    0x0800243c   0x0800243c   0x000000d4   Code   RO         1632    i.USART_Init        stm32f4xx_usart.o
    0x08002510   0x08002510   0x00000008   Code   RO         1642    i.USART_SendData    stm32f4xx_usart.o
    0x08002518   0x08002518   0x00000004   Code   RO         8592    i.UsageFault_Handler  stm32f4xx_it.o
    0x0800251c   0x0800251c   0x0000006c   Code   RO         2737    i._DoInit           segger_rtt.o
    0x08002588   0x08002588   0x0000001c   Code   RO         2738    i._GetAvailWriteSpace  segger_rtt.o
    0x080025a4   0x080025a4   0x00000072   Code   RO         2740    i._WriteBlocking    segger_rtt.o
    0x08002616   0x08002616   0x0000004c   Code   RO         2741    i._WriteNoCheck     segger_rtt.o
    0x08002662   0x08002662   0x00000002   PAD
    0x08002664   0x08002664   0x00000020   Code   RO        10683    i.__0printf         mc_w.l(printfa.o)
    0x08002684   0x08002684   0x00000006   Code   RO         3148    i.__get_PRIMASK     trcstreamingrecorder.o
    0x0800268a   0x0800268a   0x0000000e   Code   RO        10833    i.__scatterload_copy  mc_w.l(handlers.o)
    0x08002698   0x08002698   0x00000002   Code   RO        10834    i.__scatterload_null  mc_w.l(handlers.o)
    0x0800269a   0x0800269a   0x0000000e   Code   RO        10835    i.__scatterload_zeroinit  mc_w.l(handlers.o)
    0x080026a8   0x080026a8   0x00000006   Code   RO         3149    i.__set_PRIMASK     trcstreamingrecorder.o
    0x080026ae   0x080026ae   0x00000002   PAD
    0x080026b0   0x080026b0   0x00000184   Code   RO        10690    i._fp_digits        mc_w.l(printfa.o)
    0x08002834   0x08002834   0x000006b4   Code   RO        10691    i._printf_core      mc_w.l(printfa.o)
    0x08002ee8   0x08002ee8   0x00000024   Code   RO        10692    i._printf_post_padding  mc_w.l(printfa.o)
    0x08002f0c   0x08002f0c   0x0000002e   Code   RO        10693    i._printf_pre_padding  mc_w.l(printfa.o)
    0x08002f3a   0x08002f3a   0x00000002   PAD
    0x08002f3c   0x08002f3c   0x0000001c   Code   RO         8981    i.arp_timer         ethernetif.o
    0x08002f58   0x08002f58   0x00000058   Code   RO         6414    i.do_memp_free_pool  memp.o
    0x08002fb0   0x08002fb0   0x00000064   Code   RO         6415    i.do_memp_malloc_pool  memp.o
    0x08003014   0x08003014   0x00000038   Code   RO         7813    i.etharp_cleanup_netif  etharp.o
    0x0800304c   0x0800304c   0x00000278   Code   RO         7815    i.etharp_find_entry  etharp.o
    0x080032c4   0x080032c4   0x00000040   Code   RO         7816    i.etharp_free_entry  etharp.o
    0x08003304   0x08003304   0x000000d0   Code   RO         7818    i.etharp_input      etharp.o
    0x080033d4   0x080033d4   0x000001a8   Code   RO         7819    i.etharp_output     etharp.o
    0x0800357c   0x0800357c   0x00000100   Code   RO         7820    i.etharp_output_to_arp_index  etharp.o
    0x0800367c   0x0800367c   0x00000224   Code   RO         7821    i.etharp_query      etharp.o
    0x080038a0   0x080038a0   0x00000110   Code   RO         7822    i.etharp_raw        etharp.o
    0x080039b0   0x080039b0   0x00000018   Code   RO         7823    i.etharp_request    etharp.o
    0x080039c8   0x080039c8   0x0000002c   Code   RO         7824    i.etharp_request_dst  etharp.o
    0x080039f4   0x080039f4   0x000000dc   Code   RO         7825    i.etharp_tmr        etharp.o
    0x08003ad0   0x08003ad0   0x000000f4   Code   RO         7826    i.etharp_update_arp_entry  etharp.o
    0x08003bc4   0x08003bc4   0x000000c4   Code   RO         8202    i.ethernet_input    ethernet.o
    0x08003c88   0x08003c88   0x0000009c   Code   RO         8203    i.ethernet_output   ethernet.o
    0x08003d24   0x08003d24   0x0000005c   Code   RO         8982    i.ethernetif_init   ethernetif.o
    0x08003d80   0x08003d80   0x0000005c   Code   RO         8983    i.ethernetif_input  ethernetif.o
    0x08003ddc   0x08003ddc   0x00000024   Code   RO         8917    i.fputc             bsp_usart_dma.o
    0x08003e00   0x08003e00   0x00000012   Code   RO         7922    i.icmp_dest_unreach  icmp.o
    0x08003e12   0x08003e12   0x00000002   PAD
    0x08003e14   0x08003e14   0x00000210   Code   RO         7923    i.icmp_input        icmp.o
    0x08004024   0x08004024   0x000000b4   Code   RO         7924    i.icmp_send_response  icmp.o
    0x080040d8   0x080040d8   0x00000012   Code   RO         7925    i.icmp_time_exceeded  icmp.o
    0x080040ea   0x080040ea   0x00000056   Code   RO         6176    i.inet_chksum_pbuf  inet_chksum.o
    0x08004140   0x08004140   0x0000004e   Code   RO         8053    i.ip4_addr_isbroadcast_u32  ip4_addr.o
    0x0800418e   0x0800418e   0x00000002   PAD
    0x08004190   0x08004190   0x00000250   Code   RO         8121    i.ip4_frag          ip4_frag.o
    0x080043e0   0x080043e0   0x0000019c   Code   RO         7984    i.ip4_input         ip4.o
    0x0800457c   0x0800457c   0x00000034   Code   RO         7985    i.ip4_input_accept  ip4.o
    0x080045b0   0x080045b0   0x00000036   Code   RO         7987    i.ip4_output_if     ip4.o
    0x080045e6   0x080045e6   0x00000002   PAD
    0x080045e8   0x080045e8   0x00000130   Code   RO         7988    i.ip4_output_if_src  ip4.o
    0x08004718   0x08004718   0x00000280   Code   RO         8122    i.ip4_reass         ip4_frag.o
    0x08004998   0x08004998   0x00000094   Code   RO         7989    i.ip4_route         ip4.o
    0x08004a2c   0x08004a2c   0x0000000a   Code   RO         8123    i.ip_frag_alloc_pbuf_custom_ref  ip4_frag.o
    0x08004a36   0x08004a36   0x00000002   PAD
    0x08004a38   0x08004a38   0x0000002c   Code   RO         8124    i.ip_frag_free_pbuf_custom_ref  ip4_frag.o
    0x08004a64   0x08004a64   0x00000274   Code   RO         8125    i.ip_reass_chain_frag_into_datagram_and_validate  ip4_frag.o
    0x08004cd8   0x08004cd8   0x00000054   Code   RO         8126    i.ip_reass_dequeue_datagram  ip4_frag.o
    0x08004d2c   0x08004d2c   0x00000054   Code   RO         8127    i.ip_reass_enqueue_new_datagram  ip4_frag.o
    0x08004d80   0x08004d80   0x0000015c   Code   RO         8128    i.ip_reass_free_complete_datagram  ip4_frag.o
    0x08004edc   0x08004edc   0x00000088   Code   RO         8129    i.ip_reass_remove_oldest_datagram  ip4_frag.o
    0x08004f64   0x08004f64   0x00000034   Code   RO         8130    i.ip_reass_tmr      ip4_frag.o
    0x08004f98   0x08004f98   0x00000054   Code   RO         8131    i.ipfrag_free_pbuf_custom  ip4_frag.o
    0x08004fec   0x08004fec   0x00000028   Code   RO         8484    i.led_task          main.o
    0x08005014   0x08005014   0x00000124   Code   RO         8984    i.low_level_init    ethernetif.o
    0x08005138   0x08005138   0x000000f4   Code   RO         8985    i.low_level_input   ethernetif.o
    0x0800522c   0x0800522c   0x000000f8   Code   RO         8986    i.low_level_output  ethernetif.o
    0x08005324   0x08005324   0x00000050   Code   RO         7552    i.lwip_cyclic_timer  timeouts.o
    0x08005374   0x08005374   0x0000001a   Code   RO         6103    i.lwip_htonl        def.o
    0x0800538e   0x0800538e   0x0000000c   Code   RO         6104    i.lwip_htons        def.o
    0x0800539a   0x0800539a   0x00000002   PAD
    0x0800539c   0x0800539c   0x00000040   Code   RO         6248    i.lwip_init         init.o
    0x080053dc   0x080053dc   0x0000005e   Code   RO         6183    i.lwip_standard_chksum  inet_chksum.o
    0x0800543a   0x0800543a   0x00000002   PAD
    0x0800543c   0x0800543c   0x00000058   Code   RO         8485    i.main              main.o
    0x08005494   0x08005494   0x00000190   Code   RO         6343    i.mem_free          mem.o
    0x08005624   0x08005624   0x00000094   Code   RO         6344    i.mem_init          mem.o
    0x080056b8   0x080056b8   0x00000058   Code   RO         6345    i.mem_link_valid    mem.o
    0x08005710   0x08005710   0x0000023c   Code   RO         6346    i.mem_malloc        mem.o
    0x0800594c   0x0800594c   0x00000010   Code   RO         6347    i.mem_to_ptr        mem.o
    0x0800595c   0x0800595c   0x000001d8   Code   RO         6348    i.mem_trim          mem.o
    0x08005b34   0x08005b34   0x00000050   Code   RO         6416    i.memp_free         memp.o
    0x08005b84   0x08005b84   0x00000020   Code   RO         6418    i.memp_init         memp.o
    0x08005ba4   0x08005ba4   0x0000002c   Code   RO         6419    i.memp_init_pool    memp.o
    0x08005bd0   0x08005bd0   0x00000050   Code   RO         6420    i.memp_malloc       memp.o
    0x08005c20   0x08005c20   0x000001b0   Code   RO         6516    i.netif_add         netif.o
    0x08005dd0   0x08005dd0   0x00000018   Code   RO         6518    i.netif_do_ip_addr_changed  netif.o
    0x08005de8   0x08005de8   0x00000026   Code   RO         6519    i.netif_do_set_gw   netif.o
    0x08005e0e   0x08005e0e   0x00000002   PAD
    0x08005e10   0x08005e10   0x00000074   Code   RO         6520    i.netif_do_set_ipaddr  netif.o
    0x08005e84   0x08005e84   0x00000026   Code   RO         6521    i.netif_do_set_netmask  netif.o
    0x08005eaa   0x08005eaa   0x00000002   PAD
    0x08005eac   0x08005eac   0x00000028   Code   RO         6523    i.netif_get_by_index  netif.o
    0x08005ed4   0x08005ed4   0x00000002   Code   RO         6525    i.netif_init        netif.o
    0x08005ed6   0x08005ed6   0x00000002   PAD
    0x08005ed8   0x08005ed8   0x00000070   Code   RO         6527    i.netif_issue_reports  netif.o
    0x08005f48   0x08005f48   0x00000008   Code   RO         6529    i.netif_null_output_ip4  netif.o
    0x08005f50   0x08005f50   0x00000060   Code   RO         6531    i.netif_set_addr    netif.o
    0x08005fb0   0x08005fb0   0x0000000c   Code   RO         6532    i.netif_set_default  netif.o
    0x08005fbc   0x08005fbc   0x00000064   Code   RO         6533    i.netif_set_down    netif.o
    0x08006020   0x08006020   0x00000058   Code   RO         6540    i.netif_set_up      netif.o
    0x08006078   0x08006078   0x00000012   Code   RO         6701    i.pbuf_add_header   pbuf.o
    0x0800608a   0x0800608a   0x00000002   PAD
    0x0800608c   0x0800608c   0x00000088   Code   RO         6703    i.pbuf_add_header_impl  pbuf.o
    0x08006114   0x08006114   0x00000224   Code   RO         6704    i.pbuf_alloc        pbuf.o
    0x08006338   0x08006338   0x0000005c   Code   RO         6705    i.pbuf_alloc_reference  pbuf.o
    0x08006394   0x08006394   0x00000052   Code   RO         6706    i.pbuf_alloced_custom  pbuf.o
    0x080063e6   0x080063e6   0x00000002   PAD
    0x080063e8   0x080063e8   0x000000dc   Code   RO         6707    i.pbuf_cat          pbuf.o
    0x080064c4   0x080064c4   0x00000012   Code   RO         6709    i.pbuf_clen         pbuf.o
    0x080064d6   0x080064d6   0x00000002   PAD
    0x080064d8   0x080064d8   0x00000050   Code   RO         6710    i.pbuf_clone        pbuf.o
    0x08006528   0x08006528   0x0000019c   Code   RO         6712    i.pbuf_copy         pbuf.o
    0x080066c4   0x080066c4   0x000000d8   Code   RO         6713    i.pbuf_copy_partial  pbuf.o
    0x0800679c   0x0800679c   0x00000128   Code   RO         6715    i.pbuf_free         pbuf.o
    0x080068c4   0x080068c4   0x00000012   Code   RO         6720    i.pbuf_header_force  pbuf.o
    0x080068d6   0x080068d6   0x00000022   Code   RO         6721    i.pbuf_header_impl  pbuf.o
    0x080068f8   0x080068f8   0x0000001e   Code   RO         6722    i.pbuf_init_alloced_pbuf  pbuf.o
    0x08006916   0x08006916   0x00000002   PAD
    0x08006918   0x08006918   0x000000f0   Code   RO         6726    i.pbuf_realloc      pbuf.o
    0x08006a08   0x08006a08   0x00000048   Code   RO         6727    i.pbuf_ref          pbuf.o
    0x08006a50   0x08006a50   0x0000008c   Code   RO         6728    i.pbuf_remove_header  pbuf.o
    0x08006adc   0x08006adc   0x00000160   Code   RO         6349    i.plug_holes        mem.o
    0x08006c3c   0x08006c3c   0x00000098   Code   RO         4238    i.prvAddCurrentTaskToDelayedList  tasks.o
    0x08006cd4   0x08006cd4   0x00000134   Code   RO         4239    i.prvAddNewTaskToReadyList  tasks.o
    0x08006e08   0x08006e08   0x00000048   Code   RO         2977    i.prvAddTaskToStackMonitor  trckernelport.o
    0x08006e50   0x08006e50   0x00000064   Code   RO         4618    i.prvCheckForValidListAndQueue  timers.o
    0x08006eb4   0x08006eb4   0x00000078   Code   RO         2978    i.prvCheckRecorderStatus  trckernelport.o
    0x08006f2c   0x08006f2c   0x00000048   Code   RO         4240    i.prvCheckTasksWaitingTermination  tasks.o
    0x08006f74   0x08006f74   0x0000002a   Code   RO         3835    i.prvCopyDataFromQueue  queue.o
    0x08006f9e   0x08006f9e   0x0000007e   Code   RO         3836    i.prvCopyDataToQueue  queue.o
    0x0800701c   0x0800701c   0x00000012   Code   RO         4241    i.prvDeleteTCB      tasks.o
    0x0800702e   0x0800702e   0x00000014   Code   RO         3837    i.prvGetDisinheritPriorityAfterTimeout  queue.o
    0x08007042   0x08007042   0x00000002   PAD
    0x08007044   0x08007044   0x00000028   Code   RO         4619    i.prvGetNextExpireTime  timers.o
    0x0800706c   0x0800706c   0x0000000c   Code   RO         3152    i.prvGetTimestamp32  trcstreamingrecorder.o
    0x08007078   0x08007078   0x0000007c   Code   RO         3638    i.prvHeapInit       heap_4.o
    0x080070f4   0x080070f4   0x00000028   Code   RO         4242    i.prvIdleTask       tasks.o
    0x0800711c   0x0800711c   0x0000001e   Code   RO         3838    i.prvInitialiseMutex  queue.o
    0x0800713a   0x0800713a   0x00000002   PAD
    0x0800713c   0x0800713c   0x0000009c   Code   RO         3839    i.prvInitialiseNewQueue  queue.o
    0x080071d8   0x080071d8   0x0000009a   Code   RO         4243    i.prvInitialiseNewTask  tasks.o
    0x08007272   0x08007272   0x00000002   PAD
    0x08007274   0x08007274   0x00000068   Code   RO         4244    i.prvInitialiseTaskLists  tasks.o
    0x080072dc   0x080072dc   0x00000068   Code   RO         3639    i.prvInsertBlockIntoFreeList  heap_4.o
    0x08007344   0x08007344   0x00000058   Code   RO         4621    i.prvInsertTimerInActiveList  timers.o
    0x0800739c   0x0800739c   0x0000001c   Code   RO         2979    i.prvIsNewTCB       trckernelport.o
    0x080073b8   0x080073b8   0x0000001a   Code   RO         3840    i.prvIsQueueEmpty   queue.o
    0x080073d2   0x080073d2   0x0000001e   Code   RO         3841    i.prvIsQueueFull    queue.o
    0x080073f0   0x080073f0   0x00000044   Code   RO         3153    i.prvIsValidCommand  trcstreamingrecorder.o
    0x08007434   0x08007434   0x00000018   Code   RO         3158    i.prvProcessCommand  trcstreamingrecorder.o
    0x0800744c   0x0800744c   0x0000005c   Code   RO         4622    i.prvProcessExpiredTimer  timers.o
    0x080074a8   0x080074a8   0x0000010c   Code   RO         4623    i.prvProcessReceivedCommands  timers.o
    0x080075b4   0x080075b4   0x00000074   Code   RO         4624    i.prvProcessTimerOrBlockTask  timers.o
    0x08007628   0x08007628   0x0000002c   Code   RO         2980    i.prvRemoveTaskFromStackMonitor  trckernelport.o
    0x08007654   0x08007654   0x0000008c   Code   RO         2981    i.prvReportStackUsage  trckernelport.o
    0x080076e0   0x080076e0   0x00000034   Code   RO         4246    i.prvResetNextTaskUnblockTime  tasks.o
    0x08007714   0x08007714   0x0000002c   Code   RO         4625    i.prvSampleTimeNow  timers.o
    0x08007740   0x08007740   0x0000005c   Code   RO         3159    i.prvSetRecorderEnabled  trcstreamingrecorder.o
    0x0800779c   0x0800779c   0x00000088   Code   RO         4626    i.prvSwitchTimerLists  timers.o
    0x08007824   0x08007824   0x00000016   Code   RO         4247    i.prvTaskCheckFreeStackSpace  tasks.o
    0x0800783a   0x0800783a   0x00000016   Code   RO         3752    i.prvTaskExitError  port.o
    0x08007850   0x08007850   0x0000001a   Code   RO         4627    i.prvTimerTask      timers.o
    0x0800786a   0x0800786a   0x00000002   PAD
    0x0800786c   0x0800786c   0x00000088   Code   RO         3160    i.prvTraceDeleteObjectData  trcstreamingrecorder.o
    0x080078f4   0x080078f4   0x00000088   Code   RO         3161    i.prvTraceDeleteSymbol  trcstreamingrecorder.o
    0x0800797c   0x0800797c   0x0000007c   Code   RO         3162    i.prvTraceError     trcstreamingrecorder.o
    0x080079f8   0x080079f8   0x00000008   Code   RO         2982    i.prvTraceGetCurrentTaskHandle  trckernelport.o
    0x08007a00   0x08007a00   0x000002c8   Code   RO         3163    i.prvTraceGetError  trcstreamingrecorder.o
    0x08007cc8   0x08007cc8   0x0000000c   Code   RO         2983    i.prvTraceGetQueueNumber  trckernelport.o
    0x08007cd4   0x08007cd4   0x00000014   Code   RO         2984    i.prvTraceGetQueueNumberHigh16  trckernelport.o
    0x08007ce8   0x08007ce8   0x00000014   Code   RO         2987    i.prvTraceGetTaskNumberHigh16  trckernelport.o
    0x08007cfc   0x08007cfc   0x0000005c   Code   RO         3164    i.prvTraceInitCortexM  trcstreamingrecorder.o
    0x08007d58   0x08007d58   0x00000088   Code   RO         3165    i.prvTraceSaveObjectData  trcstreamingrecorder.o
    0x08007de0   0x08007de0   0x00000090   Code   RO         3166    i.prvTraceSaveObjectSymbol  trcstreamingrecorder.o
    0x08007e70   0x08007e70   0x00000040   Code   RO         3167    i.prvTraceSaveSymbol  trcstreamingrecorder.o
    0x08007eb0   0x08007eb0   0x0000001c   Code   RO         2990    i.prvTraceSetQueueNumberHigh16  trckernelport.o
    0x08007ecc   0x08007ecc   0x0000001c   Code   RO         2992    i.prvTraceSetTaskNumberHigh16  trckernelport.o
    0x08007ee8   0x08007ee8   0x00000078   Code   RO         3170    i.prvTraceStoreEvent1  trcstreamingrecorder.o
    0x08007f60   0x08007f60   0x00000080   Code   RO         3171    i.prvTraceStoreEvent2  trcstreamingrecorder.o
    0x08007fe0   0x08007fe0   0x00000084   Code   RO         3172    i.prvTraceStoreEvent3  trcstreamingrecorder.o
    0x08008064   0x08008064   0x00000068   Code   RO         3173    i.prvTraceStoreExtensionInfo  trcstreamingrecorder.o
    0x080080cc   0x080080cc   0x000000a0   Code   RO         3174    i.prvTraceStoreHeader  trcstreamingrecorder.o
    0x0800816c   0x0800816c   0x00000088   Code   RO         3175    i.prvTraceStoreObjectDataTable  trcstreamingrecorder.o
    0x080081f4   0x080081f4   0x0000011c   Code   RO         3176    i.prvTraceStoreSimpleStringEventHelper  trcstreamingrecorder.o
    0x08008310   0x08008310   0x000000bc   Code   RO         3177    i.prvTraceStoreStartEvent  trcstreamingrecorder.o
    0x080083cc   0x080083cc   0x0000003a   Code   RO         3178    i.prvTraceStoreStringEvent  trcstreamingrecorder.o
    0x08008406   0x08008406   0x00000002   PAD
    0x08008408   0x08008408   0x00000114   Code   RO         3179    i.prvTraceStoreStringEventHelper  trcstreamingrecorder.o
    0x0800851c   0x0800851c   0x00000090   Code   RO         3180    i.prvTraceStoreSymbolTable  trcstreamingrecorder.o
    0x080085ac   0x080085ac   0x000000a0   Code   RO         3181    i.prvTraceStoreTSConfig  trcstreamingrecorder.o
    0x0800864c   0x0800864c   0x00000044   Code   RO         3182    i.prvTraceWarning   trcstreamingrecorder.o
    0x08008690   0x08008690   0x0000007e   Code   RO         3842    i.prvUnlockQueue    queue.o
    0x0800870e   0x0800870e   0x00000002   PAD
    0x08008710   0x08008710   0x00000010   Code   RO         6350    i.ptr_to_mem        mem.o
    0x08008720   0x08008720   0x00000110   Code   RO         3640    i.pvPortMalloc      heap_4.o
    0x08008830   0x08008830   0x00000020   Code   RO         4249    i.pvTaskIncrementMutexHeldCount  tasks.o
    0x08008850   0x08008850   0x0000002c   Code   RO         3753    i.pxPortInitialiseStack  port.o
    0x0800887c   0x0800887c   0x00000034   Code   RO         2891    i.readFromRTT       trcstreamingport.o
    0x080088b0   0x080088b0   0x00000070   Code   RO         8486    i.start_task        main.o
    0x08008920   0x08008920   0x00000048   Code   RO         9098    i.sys_arch_mbox_fetch  sys_arch.o
    0x08008968   0x08008968   0x0000000a   Code   RO         9100    i.sys_arch_protect  sys_arch.o
    0x08008972   0x08008972   0x0000000a   Code   RO         9103    i.sys_arch_unprotect  sys_arch.o
    0x0800897c   0x0800897c   0x00000054   Code   RO         7553    i.sys_check_timeouts  timeouts.o
    0x080089d0   0x080089d0   0x0000002c   Code   RO         9104    i.sys_init          sys_arch.o
    0x080089fc   0x080089fc   0x00000020   Code   RO         9107    i.sys_mbox_new      sys_arch.o
    0x08008a1c   0x08008a1c   0x0000001e   Code   RO         9110    i.sys_mbox_trypost  sys_arch.o
    0x08008a3a   0x08008a3a   0x0000000e   Code   RO         9112    i.sys_mbox_valid    sys_arch.o
    0x08008a48   0x08008a48   0x00000010   Code   RO         9114    i.sys_mutex_lock    sys_arch.o
    0x08008a58   0x08008a58   0x0000003c   Code   RO         9115    i.sys_mutex_new     sys_arch.o
    0x08008a94   0x08008a94   0x00000012   Code   RO         9117    i.sys_mutex_unlock  sys_arch.o
    0x08008aa6   0x08008aa6   0x00000002   PAD
    0x08008aa8   0x08008aa8   0x00000014   Code   RO         9118    i.sys_now           sys_arch.o
    0x08008abc   0x08008abc   0x0000006c   Code   RO         9124    i.sys_thread_new    sys_arch.o
    0x08008b28   0x08008b28   0x0000006c   Code   RO         7555    i.sys_timeout       timeouts.o
    0x08008b94   0x08008b94   0x000000dc   Code   RO         7556    i.sys_timeout_abs   timeouts.o
    0x08008c70   0x08008c70   0x00000028   Code   RO         7557    i.sys_timeouts_init  timeouts.o
    0x08008c98   0x08008c98   0x00000068   Code   RO         7558    i.sys_timeouts_sleeptime  timeouts.o
    0x08008d00   0x08008d00   0x00000160   Code   RO         6983    i.tcp_abandon       tcp.o
    0x08008e60   0x08008e60   0x0000000e   Code   RO         6984    i.tcp_abort         tcp.o
    0x08008e6e   0x08008e6e   0x00000002   PAD
    0x08008e70   0x08008e70   0x000000c0   Code   RO         6987    i.tcp_alloc         tcp.o
    0x08008f30   0x08008f30   0x00000050   Code   RO         6991    i.tcp_close         tcp.o
    0x08008f80   0x08008f80   0x000001a0   Code   RO         6992    i.tcp_close_shutdown  tcp.o
    0x08009120   0x08009120   0x00000088   Code   RO         6993    i.tcp_close_shutdown_fin  tcp.o
    0x080091a8   0x080091a8   0x00000164   Code   RO         7392    i.tcp_create_segment  tcp_out.o
    0x0800930c   0x0800930c   0x00000070   Code   RO         6996    i.tcp_eff_send_mss_netif  tcp.o
    0x0800937c   0x0800937c   0x00000234   Code   RO         7393    i.tcp_enqueue_flags  tcp_out.o
    0x080095b0   0x080095b0   0x0000009c   Code   RO         6998    i.tcp_fasttmr       tcp.o
    0x0800964c   0x0800964c   0x00000038   Code   RO         6999    i.tcp_free          tcp.o
    0x08009684   0x08009684   0x000000ec   Code   RO         7308    i.tcp_free_acked_segments  tcp_in.o
    0x08009770   0x08009770   0x00000040   Code   RO         7000    i.tcp_free_listen   tcp.o
    0x080097b0   0x080097b0   0x00000048   Code   RO         7309    i.tcp_get_next_optbyte  tcp_in.o
    0x080097f8   0x080097f8   0x00000034   Code   RO         7001    i.tcp_handle_closepend  tcp.o
    0x0800982c   0x0800982c   0x00000002   Code   RO         7002    i.tcp_init          tcp.o
    0x0800982e   0x0800982e   0x00000002   PAD
    0x08009830   0x08009830   0x00000778   Code   RO         7310    i.tcp_input         tcp_in.o
    0x08009fa8   0x08009fa8   0x00000084   Code   RO         7311    i.tcp_input_delayed_close  tcp_in.o
    0x0800a02c   0x0800a02c   0x00000074   Code   RO         7394    i.tcp_keepalive     tcp_out.o
    0x0800a0a0   0x0800a0a0   0x00000068   Code   RO         7003    i.tcp_kill_prio     tcp.o
    0x0800a108   0x0800a108   0x00000070   Code   RO         7004    i.tcp_kill_state    tcp.o
    0x0800a178   0x0800a178   0x0000003c   Code   RO         7005    i.tcp_kill_timewait  tcp.o
    0x0800a1b4   0x0800a1b4   0x0000006c   Code   RO         7006    i.tcp_listen_closed  tcp.o
    0x0800a220   0x0800a220   0x0000018c   Code   RO         7312    i.tcp_listen_input  tcp_in.o
    0x0800a3ac   0x0800a3ac   0x0000004c   Code   RO         7009    i.tcp_netif_ip_addr_changed  tcp.o
    0x0800a3f8   0x0800a3f8   0x00000070   Code   RO         7010    i.tcp_netif_ip_addr_changed_pcblist  tcp.o
    0x0800a468   0x0800a468   0x0000004c   Code   RO         7014    i.tcp_next_iss      tcp.o
    0x0800a4b4   0x0800a4b4   0x000002f0   Code   RO         7395    i.tcp_output        tcp_out.o
    0x0800a7a4   0x0800a7a4   0x00000074   Code   RO         7396    i.tcp_output_alloc_header  tcp_out.o
    0x0800a818   0x0800a818   0x000000c0   Code   RO         7397    i.tcp_output_alloc_header_common  tcp_out.o
    0x0800a8d8   0x0800a8d8   0x00000094   Code   RO         7398    i.tcp_output_control_segment  tcp_out.o
    0x0800a96c   0x0800a96c   0x000000b8   Code   RO         7399    i.tcp_output_fill_options  tcp_out.o
    0x0800aa24   0x0800aa24   0x000001cc   Code   RO         7400    i.tcp_output_segment  tcp_out.o
    0x0800abf0   0x0800abf0   0x0000004c   Code   RO         7401    i.tcp_output_segment_busy  tcp_out.o
    0x0800ac3c   0x0800ac3c   0x000000cc   Code   RO         7313    i.tcp_parseopt      tcp_in.o
    0x0800ad08   0x0800ad08   0x00000070   Code   RO         7015    i.tcp_pcb_purge     tcp.o
    0x0800ad78   0x0800ad78   0x00000128   Code   RO         7016    i.tcp_pcb_remove    tcp.o
    0x0800aea0   0x0800aea0   0x000006a4   Code   RO         7314    i.tcp_process       tcp_in.o
    0x0800b544   0x0800b544   0x000000d4   Code   RO         7018    i.tcp_process_refused_data  tcp.o
    0x0800b618   0x0800b618   0x00000728   Code   RO         7315    i.tcp_receive       tcp_in.o
    0x0800bd40   0x0800bd40   0x00000060   Code   RO         7020    i.tcp_recv_null     tcp.o
    0x0800bda0   0x0800bda0   0x000000b0   Code   RO         7021    i.tcp_recved        tcp.o
    0x0800be50   0x0800be50   0x00000054   Code   RO         7022    i.tcp_remove_listener  tcp.o
    0x0800bea4   0x0800bea4   0x0000009c   Code   RO         7403    i.tcp_rexmit        tcp_out.o
    0x0800bf40   0x0800bf40   0x000000a4   Code   RO         7404    i.tcp_rexmit_fast   tcp_out.o
    0x0800bfe4   0x0800bfe4   0x00000040   Code   RO         7405    i.tcp_rexmit_rto    tcp_out.o
    0x0800c024   0x0800c024   0x00000054   Code   RO         7406    i.tcp_rexmit_rto_commit  tcp_out.o
    0x0800c078   0x0800c078   0x000000b0   Code   RO         7407    i.tcp_rexmit_rto_prepare  tcp_out.o
    0x0800c128   0x0800c128   0x0000001e   Code   RO         7408    i.tcp_route         tcp_out.o
    0x0800c146   0x0800c146   0x00000002   PAD
    0x0800c148   0x0800c148   0x000000b8   Code   RO         7409    i.tcp_rst           tcp_out.o
    0x0800c200   0x0800c200   0x0000001a   Code   RO         7023    i.tcp_seg_free      tcp.o
    0x0800c21a   0x0800c21a   0x00000018   Code   RO         7024    i.tcp_segs_free     tcp.o
    0x0800c232   0x0800c232   0x00000002   PAD
    0x0800c234   0x0800c234   0x000000d8   Code   RO         7410    i.tcp_send_empty_ack  tcp_out.o
    0x0800c30c   0x0800c30c   0x0000007c   Code   RO         7411    i.tcp_send_fin      tcp_out.o
    0x0800c388   0x0800c388   0x00000658   Code   RO         7028    i.tcp_slowtmr       tcp.o
    0x0800c9e0   0x0800c9e0   0x00000248   Code   RO         7412    i.tcp_split_unsent_seg  tcp_out.o
    0x0800cc28   0x0800cc28   0x00000038   Code   RO         7560    i.tcp_timer_needed  timeouts.o
    0x0800cc60   0x0800cc60   0x000000dc   Code   RO         7316    i.tcp_timewait_input  tcp_in.o
    0x0800cd3c   0x0800cd3c   0x00000024   Code   RO         7030    i.tcp_tmr           tcp.o
    0x0800cd60   0x0800cd60   0x00000014   Code   RO         7317    i.tcp_trigger_input_pcb_close  tcp_in.o
    0x0800cd74   0x0800cd74   0x000000b0   Code   RO         7032    i.tcp_update_rcv_ann_wnd  tcp.o
    0x0800ce24   0x0800ce24   0x00000108   Code   RO         7415    i.tcp_zero_window_probe  tcp_out.o
    0x0800cf2c   0x0800cf2c   0x000000b8   Code   RO         5907    i.tcpip_init        tcpip.o
    0x0800cfe4   0x0800cfe4   0x0000006c   Code   RO         5908    i.tcpip_inpkt       tcpip.o
    0x0800d050   0x0800d050   0x00000030   Code   RO         5909    i.tcpip_input       tcpip.o
    0x0800d080   0x0800d080   0x00000038   Code   RO         7561    i.tcpip_tcp_timer   timeouts.o
    0x0800d0b8   0x0800d0b8   0x00000070   Code   RO         5911    i.tcpip_thread      tcpip.o
    0x0800d128   0x0800d128   0x00000078   Code   RO         5912    i.tcpip_thread_handle_msg  tcpip.o
    0x0800d1a0   0x0800d1a0   0x00000060   Code   RO         5913    i.tcpip_timeouts_mbox_fetch  tcpip.o
    0x0800d200   0x0800d200   0x00000002   Code   RO         7647    i.udp_init          udp.o
    0x0800d202   0x0800d202   0x00000002   PAD
    0x0800d204   0x0800d204   0x000001dc   Code   RO         7648    i.udp_input         udp.o
    0x0800d3e0   0x0800d3e0   0x000000d0   Code   RO         7649    i.udp_input_local_match  udp.o
    0x0800d4b0   0x0800d4b0   0x00000030   Code   RO         7650    i.udp_netif_ip_addr_changed  udp.o
    0x0800d4e0   0x0800d4e0   0x00000028   Code   RO         3702    i.uxListRemove      list.o
    0x0800d508   0x0800d508   0x00000006   Code   RO         3844    i.uxQueueGetQueueNumber  queue.o
    0x0800d50e   0x0800d50e   0x00000002   PAD
    0x0800d510   0x0800d510   0x00000028   Code   RO         4252    i.uxTaskGetStackHighWaterMark  tasks.o
    0x0800d538   0x0800d538   0x0000000e   Code   RO         4254    i.uxTaskGetTaskNumber  tasks.o
    0x0800d546   0x0800d546   0x0000001a   Code   RO         3703    i.vListInitialise   list.o
    0x0800d560   0x0800d560   0x00000006   Code   RO         3704    i.vListInitialiseItem  list.o
    0x0800d566   0x0800d566   0x00000034   Code   RO         3705    i.vListInsert       list.o
    0x0800d59a   0x0800d59a   0x00000018   Code   RO         3706    i.vListInsertEnd    list.o
    0x0800d5b2   0x0800d5b2   0x00000002   PAD
    0x0800d5b4   0x0800d5b4   0x00000024   Code   RO         3755    i.vPortEnterCritical  port.o
    0x0800d5d8   0x0800d5d8   0x00000020   Code   RO         3756    i.vPortExitCritical  port.o
    0x0800d5f8   0x0800d5f8   0x00000080   Code   RO         3641    i.vPortFree         heap_4.o
    0x0800d678   0x0800d678   0x00000028   Code   RO         3757    i.vPortSetupTimerInterrupt  port.o
    0x0800d6a0   0x0800d6a0   0x00000044   Code   RO         3848    i.vQueueAddToRegistry  queue.o
    0x0800d6e4   0x0800d6e4   0x00000004   Code   RO         3850    i.vQueueSetQueueNumber  queue.o
    0x0800d6e8   0x0800d6e8   0x0000004a   Code   RO         3852    i.vQueueWaitForMessageRestricted  queue.o
    0x0800d732   0x0800d732   0x00000002   PAD
    0x0800d734   0x0800d734   0x00000050   Code   RO         4258    i.vTaskDelay        tasks.o
    0x0800d784   0x0800d784   0x00000114   Code   RO         4260    i.vTaskDelete       tasks.o
    0x0800d898   0x0800d898   0x00000018   Code   RO         4263    i.vTaskInternalSetTimeOutState  tasks.o
    0x0800d8b0   0x0800d8b0   0x0000000c   Code   RO         4264    i.vTaskMissedYield  tasks.o
    0x0800d8bc   0x0800d8bc   0x00000020   Code   RO         4266    i.vTaskPlaceOnEventList  tasks.o
    0x0800d8dc   0x0800d8dc   0x00000054   Code   RO         4267    i.vTaskPlaceOnEventListRestricted  tasks.o
    0x0800d930   0x0800d930   0x000000f4   Code   RO         4269    i.vTaskPriorityDisinheritAfterTimeout  tasks.o
    0x0800da24   0x0800da24   0x00000008   Code   RO         4273    i.vTaskSetTaskNumber  tasks.o
    0x0800da2c   0x0800da2c   0x000000b4   Code   RO         4275    i.vTaskStartScheduler  tasks.o
    0x0800dae0   0x0800dae0   0x00000010   Code   RO         4277    i.vTaskSuspendAll   tasks.o
    0x0800daf0   0x0800daf0   0x000000a0   Code   RO         4278    i.vTaskSwitchContext  tasks.o
    0x0800db90   0x0800db90   0x00000100   Code   RO         2994    i.vTraceEnable      trckernelport.o
    0x0800dc90   0x0800dc90   0x0000000a   Code   RO         3192    i.vTraceStop        trcstreamingrecorder.o
    0x0800dc9a   0x0800dc9a   0x00000020   Code   RO         2892    i.writeToRTT        trcstreamingport.o
    0x0800dcba   0x0800dcba   0x00000002   PAD
    0x0800dcbc   0x0800dcbc   0x00000048   Code   RO         3758    i.xPortStartScheduler  port.o
    0x0800dd04   0x0800dd04   0x00000022   Code   RO         3854    i.xQueueCreateMutex  queue.o
    0x0800dd26   0x0800dd26   0x00000002   PAD
    0x0800dd28   0x0800dd28   0x00000090   Code   RO         3855    i.xQueueGenericCreate  queue.o
    0x0800ddb8   0x0800ddb8   0x00000080   Code   RO         3856    i.xQueueGenericReset  queue.o
    0x0800de38   0x0800de38   0x000002b4   Code   RO         3857    i.xQueueGenericSend  queue.o
    0x0800e0ec   0x0800e0ec   0x00000114   Code   RO         3858    i.xQueueGenericSendFromISR  queue.o
    0x0800e200   0x0800e200   0x00000012   Code   RO         3859    i.xQueueGiveFromISR  queue.o
    0x0800e212   0x0800e212   0x00000002   PAD
    0x0800e214   0x0800e214   0x00000298   Code   RO         3865    i.xQueueReceive     queue.o
    0x0800e4ac   0x0800e4ac   0x000002c4   Code   RO         3867    i.xQueueSemaphoreTake  queue.o
    0x0800e770   0x0800e770   0x0000005c   Code   RO         4279    i.xTaskCheckForTimeOut  tasks.o
    0x0800e7cc   0x0800e7cc   0x00000060   Code   RO         4280    i.xTaskCreate       tasks.o
    0x0800e82c   0x0800e82c   0x0000000c   Code   RO         4283    i.xTaskGetCurrentTaskHandle  tasks.o
    0x0800e838   0x0800e838   0x00000020   Code   RO         4284    i.xTaskGetSchedulerState  tasks.o
    0x0800e858   0x0800e858   0x0000000c   Code   RO         4285    i.xTaskGetTickCount  tasks.o
    0x0800e864   0x0800e864   0x00000164   Code   RO         4287    i.xTaskIncrementTick  tasks.o
    0x0800e9c8   0x0800e9c8   0x000000d0   Code   RO         4290    i.xTaskPriorityDisinherit  tasks.o
    0x0800ea98   0x0800ea98   0x00000114   Code   RO         4291    i.xTaskPriorityInherit  tasks.o
    0x0800ebac   0x0800ebac   0x0000009c   Code   RO         4292    i.xTaskRemoveFromEventList  tasks.o
    0x0800ec48   0x0800ec48   0x00000104   Code   RO         4293    i.xTaskResumeAll    tasks.o
    0x0800ed4c   0x0800ed4c   0x0000003c   Code   RO         4634    i.xTimerCreateTimerTask  timers.o
    0x0800ed88   0x0800ed88   0x0000006c   Code   RO         4635    i.xTimerGenericCommand  timers.o
    0x0800edf4   0x0800edf4   0x0000000c   Code   RO         3198    i.xTraceIsRecordingEnabled  trcstreamingrecorder.o
    0x0800ee00   0x0800ee00   0x0000002e   Code   RO         3199    i.xTraceRegisterString  trcstreamingrecorder.o
    0x0800ee2e   0x0800ee2e   0x00000002   PAD
    0x0800ee30   0x0800ee30   0x000000d0   Data   RO         6423    .constdata          memp.o
    0x0800ef00   0x0800ef00   0x00000050   Data   RO         7033    .constdata          tcp.o
    0x0800ef50   0x0800ef50   0x0000001c   Data   RO         7562    .constdata          timeouts.o
    0x0800ef6c   0x0800ef6c   0x00000008   Data   RO         8060    .constdata          ip4_addr.o
    0x0800ef74   0x0800ef74   0x0000000c   Data   RO         8204    .constdata          ethernet.o
    0x0800ef80   0x0800ef80   0x00000041   Data   RO         6249    .conststring        init.o
    0x0800efc1   0x0800efc1   0x00000003   PAD
    0x0800efc4   0x0800efc4   0x00000075   Data   RO         7034    .conststring        tcp.o
    0x0800f039   0x0800f039   0x00000003   PAD
    0x0800f03c   0x0800f03c   0x00000055   Data   RO         7416    .conststring        tcp_out.o
    0x0800f091   0x0800f091   0x00000003   PAD
    0x0800f094   0x0800f094   0x00000041   Data   RO         7828    .conststring        etharp.o
    0x0800f0d5   0x0800f0d5   0x00000003   PAD
    0x0800f0d8   0x0800f0d8   0x00000020   Data   RO        10831    Region$$Table       anon$$obj.o


    Execution Region RW_IRAM1 (Exec base: 0x20000000, Load base: 0x0800f0f8, Size: 0x0001d1e8, Max: 0x00020000, ABSOLUTE, COMPRESSED[0x00000040])

    Exec Addr    Load Addr    Size         Type   Attr      Idx    E Section Name        Object

    0x20000000   COMPRESSED   0x00000010   Data   RW          512    .data               stm32f4xx_rcc.o
    0x20000010   COMPRESSED   0x00000010   Data   RW         2211    .data               stm32f4x7_eth.o
    0x20000020   COMPRESSED   0x00000014   Data   RW         2680    .data               system_stm32f4xx.o
    0x20000034   COMPRESSED   0x00000014   Data   RW         2999    .data               trckernelport.o
    0x20000048   COMPRESSED   0x00000070   Data   RW         3202    .data               trcstreamingrecorder.o
    0x200000b8   COMPRESSED   0x00000018   Data   RW         3646    .data               heap_4.o
    0x200000d0   COMPRESSED   0x00000004   Data   RW         3759    .data               port.o
    0x200000d4   COMPRESSED   0x0000003c   Data   RW         4296    .data               tasks.o
    0x20000110   COMPRESSED   0x00000014   Data   RW         4643    .data               timers.o
    0x20000124   COMPRESSED   0x00000010   Data   RW         5915    .data               tcpip.o
    0x20000134   COMPRESSED   0x00000010   Data   RW         6352    .data               mem.o
    0x20000144   COMPRESSED   0x00000034   Data   RW         6424    .data               memp.o
    0x20000178   COMPRESSED   0x00000009   Data   RW         6541    .data               netif.o
    0x20000181   COMPRESSED   0x00000003   PAD
    0x20000184   COMPRESSED   0x00000020   Data   RW         7035    .data               tcp.o
    0x200001a4   COMPRESSED   0x00000028   Data   RW         7319    .data               tcp_in.o
    0x200001cc   COMPRESSED   0x0000000c   Data   RW         7563    .data               timeouts.o
    0x200001d8   COMPRESSED   0x00000008   Data   RW         7660    .data               udp.o
    0x200001e0   COMPRESSED   0x00000001   Data   RW         7829    .data               etharp.o
    0x200001e1   COMPRESSED   0x00000001   PAD
    0x200001e2   COMPRESSED   0x00000002   Data   RW         7990    .data               ip4.o
    0x200001e4   COMPRESSED   0x00000006   Data   RW         8132    .data               ip4_frag.o
    0x200001ea   COMPRESSED   0x00000002   PAD
    0x200001ec   COMPRESSED   0x00000010   Data   RW         8487    .data               main.o
    0x200001fc   COMPRESSED   0x00000004   Data   RW         8593    .data               stm32f4xx_it.o
    0x20000200   COMPRESSED   0x0000000c   Data   RW         8987    .data               ethernetif.o
    0x2000020c   COMPRESSED   0x00000005   Data   RW         9046    .data               lan8742a.o
    0x20000211   COMPRESSED   0x00000003   PAD
    0x20000214   COMPRESSED   0x00000024   Data   RW         9126    .data               sys_arch.o
    0x20000238   COMPRESSED   0x00000004   Data   RW        10775    .data               mc_w.l(stdout.o)
    0x2000023c        -       0x00003cd4   Zero   RW         2210    .bss                stm32f4x7_eth.o
    0x20003f10        -       0x000000f8   Zero   RW         2742    .bss                segger_rtt.o
    0x20004008        -       0x000013f8   Zero   RW         2998    .bss                trckernelport.o
    0x20005400        -       0x000006b0   Zero   RW         3201    .bss                trcstreamingrecorder.o
    0x20005ab0        -       0x00008000   Zero   RW         3645    .bss                heap_4.o
    0x2000dab0        -       0x00000040   Zero   RW         3869    .bss                queue.o
    0x2000daf0        -       0x00000104   Zero   RW         4295    .bss                tasks.o
    0x2000dbf4        -       0x00000028   Zero   RW         4642    .bss                timers.o
    0x2000dc1c        -       0x00000018   Zero   RW         6318    .bss                ip.o
    0x2000dc34        -       0x00006413   Zero   RW         6351    .bss                mem.o
    0x20014047        -       0x00008787   Zero   RW         6422    .bss                memp.o
    0x2001c7ce   COMPRESSED   0x00000002   PAD
    0x2001c7d0        -       0x00000010   Zero   RW         7318    .bss                tcp_in.o
    0x2001c7e0        -       0x000000f0   Zero   RW         7827    .bss                etharp.o
    0x2001c8d0        -       0x00000401   Zero   RW         8920    .bss                bsp_usart_dma.o
    0x2001ccd1   COMPRESSED   0x00000003   PAD
    0x2001ccd4        -       0x000000bc   Zero   RW         9045    .bss                lan8742a.o
    0x2001cd90        -       0x00000054   Zero   RW         9125    .bss                sys_arch.o
    0x2001cde4   COMPRESSED   0x00000004   PAD
    0x2001cde8        -       0x00000400   Zero   RW         2667    STACK               startup_stm32f40xx.o


==============================================================================

Image component sizes


      Code (inc. data)   RO Data    RW Data    ZI Data      Debug   Object Name

         0          0          0          0          0      27935   api_lib.o
         0          0          0          0          0       6279   api_msg.o
        60          6          0          0          0        518   bsp_led.o
       584         54          0          0       1025       3685   bsp_usart_dma.o
        40         10          0          0          0        453   core_delay.o
        38          0          0          0          0       1034   def.o
         0          0          0          0          0       3843   err.o
      2992        530         65          1        240      11483   etharp.o
       352         58         12          0          0       2522   ethernet.o
       996        150          0         12          0       5450   ethernetif.o
         0          0          0          0          0       9444   event_groups.o
       628         80          0         24      32768       3683   heap_4.o
       744        158          0          0          0       4358   icmp.o
       180          0          0          0          0       1986   inet_chksum.o
        64          4         65          0          0       1520   init.o
         0          0          0          0         24       3110   ip.o
       970         92          0          2          0       5264   ip4.o
        78          0          8          0          0       8334   ip4_addr.o
      2702        494          0          6          0      11758   ip4_frag.o
       506         36          0          5        188       5570   lan8742a.o
       148          0          0          0          0       3134   list.o
       260         68          0         16          0       2213   main.o
      2064        660          0         16      25619       7745   mem.o
       424        148        208         52      34695      10536   memp.o
       140         24          0          0          0     305867   misc.o
         0          0          0          0          0       9016   netbuf.o
         0          0          0          0          0       2012   netdb.o
      1106        276          0          9          0      13338   netif.o
      2652        814          0          0          0      17762   pbuf.o
       488         56          0          4          0       9100   port.o
      3640        136          0          0         64      20649   queue.o
      1074         58          0          0        248      12118   segger_rtt.o
        36          8        392          0       1024        912   startup_stm32f40xx.o
      2382        172          0         16      15572      53710   stm32f4x7_eth.o
       538         40          0          0          0       5819   stm32f4xx_dma.o
        36         10          0          0          0       1216   stm32f4xx_exti.o
       222          0          0          0          0       3103   stm32f4xx_gpio.o
       200         36          0          4          0       4445   stm32f4xx_it.o
       328         36          0         16          0       4891   stm32f4xx_rcc.o
        12          6          0          0          0        618   stm32f4xx_syscfg.o
        40          0          0          0          0       1982   stm32f4xx_tim.o
       446          8          0          0          0       5860   stm32f4xx_usart.o
       690        194          0         36         84       8901   sys_arch.o
       340         32          0         20          0       2105   system_stm32f4xx.o
      3624        494          0         60        260      33045   tasks.o
      5142       1416        197         32          0      32104   tcp.o
      6724       1268          0         40         16      20431   tcp_in.o
      5010       1210         85          0          0      27866   tcp_out.o
       668        214          0         16          0      10471   tcpip.o
       748        216         28         12          0       6955   timeouts.o
      1078        112          0         20         40      11255   timers.o
       860        100          0         20       5112      20136   trckernelport.o
        84          4          0          0          0      10055   trcstreamingport.o
      3778        904          0        112       1712      32491   trcstreamingrecorder.o
       734        174          0          8          0       5270   udp.o

    ----------------------------------------------------------------------
     56738      10566       1104        568     118700     835360   Object Totals
         0          0         32          0          0          0   (incl. Generated)
        88          0         12          9          9          0   (incl. Padding)

    ----------------------------------------------------------------------

      Code (inc. data)   RO Data    RW Data    ZI Data      Debug   Library Member Name

        86          0          0          0          0          0   __dczerorl2.o
         0          0          0          0          0          0   entry.o
         0          0          0          0          0          0   entry10a.o
         0          0          0          0          0          0   entry11a.o
         4          0          0          0          0          0   entry12b.o
         8          4          0          0          0          0   entry2.o
         4          0          0          0          0          0   entry5.o
         0          0          0          0          0          0   entry7b.o
         0          0          0          0          0          0   entry8b.o
         8          4          0          0          0          0   entry9a.o
        30          0          0          0          0          0   handlers.o
        36          8          0          0          0         68   init.o
         0          0          0          0          0          0   iusefp.o
        30          0          0          0          0         68   llshl.o
        36          0          0          0          0         68   llsshr.o
        32          0          0          0          0         68   llushr.o
        26          0          0          0          0         80   memcmp.o
        64          0          0          0          0         76   memmovea.o
        36          0          0          0          0        108   memseta.o
      2218         90          0          0          0        464   printfa.o
         0          0          0          4          0          0   stdout.o
        18          0          0          0          0         68   strcpy.o
        44          0          0          0          0         80   uidiv.o
        98          0          0          0          0         92   uldiv.o
        48          0          0          0          0         68   cdrcmple.o
       334          0          0          0          0        148   dadd.o
       222          0          0          0          0        100   ddiv.o
       186          0          0          0          0        176   depilogue.o
        48          0          0          0          0         68   dfixul.o
       228          0          0          0          0         96   dmul.o

    ----------------------------------------------------------------------
      3846        106          0          4          0       1896   Library Totals
         2          0          0          0          0          0   (incl. Padding)

    ----------------------------------------------------------------------

      Code (inc. data)   RO Data    RW Data    ZI Data      Debug   Library Name

      2778        106          0          4          0       1240   mc_w.l
      1066          0          0          0          0        656   mf_w.l

    ----------------------------------------------------------------------
      3846        106          0          4          0       1896   Library Totals

    ----------------------------------------------------------------------

==============================================================================


      Code (inc. data)   RO Data    RW Data    ZI Data      Debug   

     60584      10672       1104        572     118700     797452   Grand Totals
     60584      10672       1104         64     118700     797452   ELF Image Totals (compressed)
     60584      10672       1104         64          0          0   ROM Totals

==============================================================================

    Total RO  Size (Code + RO Data)                61688 (  60.24kB)
    Total RW  Size (RW Data + ZI Data)            119272 ( 116.48kB)
    Total ROM Size (Code + RO Data + RW Data)      61752 (  60.30kB)

==============================================================================

